Microchip MPLAB XC8 Compiler V1.36 ()

Linker command line:

-W-3 --edf=C:\Program Files (x86)\Microchip\xc8\v1.36\dat\en_msgs.txt -cs \
  -h+dist/default/production\node2.X.production.sym \
  --cmf=dist/default/production\node2.X.production.cmf -z -Q18F46K22 \
  -oC:\Users\F8948~1.ARG\AppData\Local\Temp\s57c.2 \
  -Mdist/default/production/node2.X.production.map -E1 -ver=XC8 \
  -ASTACK=0E3h-0f37h -pstack=STACK -ACODE=00h-0FFFFh -ACONST=00h-0FFFFh \
  -ASMALLCONST=01000h-010FFhx240 -AMEDIUMCONST=01000h-0FFFFh \
  -ACOMRAM=01h-05Fh -AABS1=00h-0F37h -ABIGRAM=01h-0F37h \
  -ARAM=060h-0FFh,0100h-01FFhx14,0F00h-0F37h -ABANK0=060h-0FFh \
  -ABANK1=0100h-01FFh -ABANK2=0200h-02FFh -ABANK3=0300h-03FFh \
  -ABANK4=0400h-04FFh -ABANK5=0500h-05FFh -ABANK6=0600h-06FFh \
  -ABANK7=0700h-07FFh -ABANK8=0800h-08FFh -ABANK9=0900h-09FFh \
  -ABANK10=0A00h-0AFFh -ABANK11=0B00h-0BFFh -ABANK12=0C00h-0CFFh \
  -ABANK13=0D00h-0DFFh -ABANK14=0E00h-0EFFh -ABANK15=0F00h-0F37h \
  -ASFR=0F38h-0F5Fh,0F60h-0FFFh \
  -preset_vec=00h,intcode=08h,intcodelo,powerup,init,end_init \
  -pramtop=01000h -psmallconst=SMALLCONST -pmediumconst=MEDIUMCONST \
  -pconst=CONST -AFARRAM=00h-00h -ACONFIG=0300000h-030000Dh -pconfig=CONFIG \
  -AIDLOC=0200000h-0200007h -pidloc=IDLOC -AEEDATA=0F00000h-0F003FFh \
  -peeprom_data=EEDATA \
  -prdata=COMRAM,nvrram=COMRAM,nvbit=COMRAM,rbss=COMRAM,rbit=COMRAM \
  -pfarbss=FARRAM,fardata=FARRAM,nvFARRAM=FARRAM \
  -pintsave_regs=BIGRAM,bigbss=BIGRAM,bigdata=BIGRAM -pbss=RAM \
  -pidata=CODE,irdata=CODE,ibigdata=CODE,ifardata=CODE -prparam=COMRAM \
  C:\Users\F8948~1.ARG\AppData\Local\Temp\s57c.obj \
  dist/default/production\node2.X.production.obj 

Object code version is 3.11

Machine type is 18F46K22

Call graph: (short form)




                Name                               Link     Load   Length Selector   Space Scale
C:\Users\F8948~1.ARG\AppData\Local\Temp\s57c.obj
                end_init                             88       88        4        4       0
                reset_vec                             0        0        4        0       0
                idloc                            200000   200000        8   200000       0
                config                           300000   300000        E   300000       0
dist/default/production\node2.X.production.obj
                intcode                               8        8       80        4       0
                temp                                 32       32        1        1       1
                smallconst                         1000     1000       22      800       0
                text16                             1582     1582       2A      811       0
                text15                             15CC     15CC       20      811       0
                text14                             139A     139A       88      811       0
                text12                             1628     1628        4      811       0
                text11                             1256     1256       BA      811       0
                text10                             1612     1612        C      811       0
                text9                              1498     1498       66      811       0
                text8                              1558     1558       2A      811       0
                text7                              15AC     15AC       20      811       0
                text6                              14FE     14FE       5A      811       0
                text5                              1606     1606        C      811       0
                text4                              1156     1156      100      811       0
                text3                              1422     1422       76      811       0
                text2                              1310     1310       8A      811       0
                text1                              161E     161E        A      811       0
                text0                              1022     1022      134      811       0
                cstackCOMRAM                          1        1       31        1       1
                bssBANK0                             60       60       83       60       1
                cinit                              15EC     15EC       1A      811       0

TOTAL           Name                               Link     Load   Length     Space
        CLASS   STACK          

        CLASS   CODE           
                end_init                             88       88        4         0
                intcode                               8        8       80         0
                reset_vec                             0        0        4         0
                text16                             1582     1582       2A         0
                text15                             15CC     15CC       20         0
                text14                             139A     139A       88         0
                text12                             1628     1628        4         0
                text11                             1256     1256       BA         0
                text10                             1612     1612        C         0
                text9                              1498     1498       66         0
                text8                              1558     1558       2A         0
                text7                              15AC     15AC       20         0
                text6                              14FE     14FE       5A         0
                text5                              1606     1606        C         0
                text4                              1156     1156      100         0
                text3                              1422     1422       76         0
                text2                              1310     1310       8A         0
                text1                              161E     161E        A         0
                text0                              1022     1022      134         0
                cinit                              15EC     15EC       1A         0

        CLASS   CONST          

        CLASS   SMALLCONST     
                smallconst                         1000     1000       22         0

        CLASS   MEDIUMCONST    

        CLASS   COMRAM         
                temp                                 32       32        1         1
                cstackCOMRAM                          1        1       31         1

        CLASS   ABS1           

        CLASS   BIGRAM         

        CLASS   RAM            

        CLASS   BANK0          
                bssBANK0                             60       60       83         1

        CLASS   BANK1          

        CLASS   BANK2          

        CLASS   BANK3          

        CLASS   BANK4          

        CLASS   BANK5          

        CLASS   BANK6          

        CLASS   BANK7          

        CLASS   BANK8          

        CLASS   BANK9          

        CLASS   BANK10         

        CLASS   BANK11         

        CLASS   BANK12         

        CLASS   BANK13         

        CLASS   BANK14         

        CLASS   BANK15         

        CLASS   SFR            

        CLASS   FARRAM         

        CLASS   CONFIG         
                config                           300000   300000        E         0

        CLASS   IDLOC          
                idloc                            200000   200000        8         0

        CLASS   EEDATA         



SEGMENTS        Name                           Load    Length   Top    Selector   Space  Class

                reset_vec                      000000  000004  000004         0       0  CODE    
                cstackCOMRAM                   000001  000032  000033         1       1  COMRAM  
                intcode                        000008  000084  00008C         4       0  CODE    
                bssBANK0                       000060  000083  0000E3        60       1  BANK0   
                smallconst                     001000  000022  001022       800       0  SMALLCON
                text0                          001022  00060A  00162C       811       0  CODE    
                idloc                          200000  000008  200008    200000       0  IDLOC   
                config                         300000  00000E  30000E    300000       0  CONFIG  


UNUSED ADDRESS RANGES

        Name                Unused          Largest block    Delta
        BANK0            0000E3-0000FF               1D
        BANK1            000100-0001FF              100
        BANK10           000A00-000AFF              100
        BANK11           000B00-000BFF              100
        BANK12           000C00-000CFF              100
        BANK13           000D00-000DFF              100
        BANK14           000E00-000EFF              100
        BANK15           000F00-000F37               38
        BANK2            000200-0002FF              100
        BANK3            000300-0003FF              100
        BANK4            000400-0004FF              100
        BANK5            000500-0005FF              100
        BANK6            000600-0006FF              100
        BANK7            000700-0007FF              100
        BANK8            000800-0008FF              100
        BANK9            000900-0009FF              100
        BIGRAM           000033-00005F               2D
                         0000E3-000F37              E55
        CODE             000004-000007                4
                         00008C-000FFF              F74
                         00162C-00FFFF             E9D4
        COMRAM           000033-00005F               2D
        CONST            000004-000007                4
                         00008C-000FFF              F74
                         00162C-00FFFF             E9D4
        EEDATA           F00000-F003FF              400
        MEDIUMCONST      00162C-00FFFF             E9D4
        RAM              0000E3-000F37              100
        SFR              000F38-000FFF               28
        SMALLCONST       00162C-00FFFF              100
        STACK            0000E3-000F37              E55

                                  Symbol Table

?___lldiv                          cstackCOMRAM 000018
?_memcmp                           cstackCOMRAM 000018
_ANSELB                            (abs)        000F39
_ANSELC                            (abs)        000F3A
_BAUDCON1bits                      (abs)        000FB8
_INTCONbits                        (abs)        000FF2
_ISR                               intcode      000008
_LATB0                             (abs)        007C50
_LATB1                             (abs)        007C51
_LED1_                             text12       001628
_PIE1bits                          (abs)        000F9D
_RC1IF                             (abs)        007CF5
_RCIF                              (abs)        007CF5
_RCONbits                          (abs)        000FD0
_RCREG                             (abs)        000FAE
_RCSTAbits                         (abs)        000FAB
_SPBRG                             (abs)        000FAF
_SPBRGH1                           (abs)        000FB0
_TRISB                             (abs)        000F93
_TRISC                             (abs)        000F94
_TRISC6                            (abs)        007CA6
_TRISC7                            (abs)        007CA7
_TX1REG                            (abs)        000FAD
_TXIF                              (abs)        007CF4
_TXREG                             (abs)        000FAD
_TXSTA1bits                        (abs)        000FAC
_TXSTAbits                         (abs)        000FAC
__CFG_BOREN$SBORDIS                (abs)        000000
__CFG_BORV$190                     (abs)        000000
__CFG_CCP2MX$PORTB3                (abs)        000000
__CFG_CCP3MX$PORTB5                (abs)        000000
__CFG_CP0$OFF                      (abs)        000000
__CFG_CP1$OFF                      (abs)        000000
__CFG_CP2$OFF                      (abs)        000000
__CFG_CP3$OFF                      (abs)        000000
__CFG_CPB$OFF                      (abs)        000000
__CFG_CPD$OFF                      (abs)        000000
__CFG_EBTR0$OFF                    (abs)        000000
__CFG_EBTR1$OFF                    (abs)        000000
__CFG_EBTR2$OFF                    (abs)        000000
__CFG_EBTR3$OFF                    (abs)        000000
__CFG_EBTRB$OFF                    (abs)        000000
__CFG_FCMEN$OFF                    (abs)        000000
__CFG_FOSC$XT                      (abs)        000000
__CFG_HFOFST$OFF                   (abs)        000000
__CFG_IESO$OFF                     (abs)        000000
__CFG_LVP$OFF                      (abs)        000000
__CFG_MCLRE$EXTMCLR                (abs)        000000
__CFG_P2BMX$PORTD2                 (abs)        000000
__CFG_PBADEN$OFF                   (abs)        000000
__CFG_PLLCFG$OFF                   (abs)        000000
__CFG_PRICLKEN$ON                  (abs)        000000
__CFG_PWRTEN$OFF                   (abs)        000000
__CFG_STVREN$ON                    (abs)        000000
__CFG_T3CMX$PORTC0                 (abs)        000000
__CFG_WDTEN$OFF                    (abs)        000000
__CFG_WDTPS$32768                  (abs)        000000
__CFG_WRT0$OFF                     (abs)        000000
__CFG_WRT1$OFF                     (abs)        000000
__CFG_WRT2$OFF                     (abs)        000000
__CFG_WRT3$OFF                     (abs)        000000
__CFG_WRTB$OFF                     (abs)        000000
__CFG_WRTC$OFF                     (abs)        000000
__CFG_WRTD$OFF                     (abs)        000000
__CFG_XINST$OFF                    (abs)        000000
__HRAM                             (abs)        000000
__Habs1                            abs1         000000
__Hbank0                           bank0        000000
__Hbank1                           bank1        000000
__Hbank10                          bank10       000000
__Hbank11                          bank11       000000
__Hbank12                          bank12       000000
__Hbank13                          bank13       000000
__Hbank14                          bank14       000000
__Hbank15                          bank15       000000
__Hbank2                           bank2        000000
__Hbank3                           bank3        000000
__Hbank4                           bank4        000000
__Hbank5                           bank5        000000
__Hbank6                           bank6        000000
__Hbank7                           bank7        000000
__Hbank8                           bank8        000000
__Hbank9                           bank9        000000
__Hbigbss                          bigbss       000000
__Hbigdata                         bigdata      000000
__Hbigram                          bigram       000000
__Hbss                             bss          000000
__HbssBANK0                        bssBANK0     000000
__Hcinit                           cinit        000000
__Hclrtext                         clrtext      000000
__Hcomram                          comram       000000
__Hconfig                          config       30000E
__Hconst                           const        000000
__HcstackCOMRAM                    cstackCOMRAM 000000
__Hdata                            data         000000
__Heeprom_data                     eeprom_data  000000
__Hend_init                        end_init     00008C
__Hfarbss                          farbss       000000
__Hfardata                         fardata      000000
__Hibigdata                        ibigdata     000000
__Hidata                           idata        000000
__Hidloc                           idloc        200008
__Hifardata                        ifardata     000000
__Hinit                            init         000088
__Hintcode                         intcode      000088
__Hintcode_body                    intcode_body 000000
__Hintcodelo                       intcodelo    000088
__Hintentry                        intentry     000000
__Hintret                          intret       000000
__Hintsave_regs                    intsave_regs 000000
__Hirdata                          irdata       000000
__Hmediumconst                     mediumconst  000000
__HnvFARRAM                        nvFARRAM     000000
__Hnvbit                           nvbit        000000
__Hnvrram                          nvrram       000000
__Hparam                           rparam       000000
__Hpowerup                         powerup      000088
__Hram                             ram          000000
__Hramtop                          ramtop       001000
__Hrbit                            rbit         000000
__Hrbss                            rbss         000000
__Hrdata                           rdata        000000
__Hreset_vec                       reset_vec    000004
__Hrparam                          rparam       000000
__Hsfr                             sfr          000000
__Hsmallconst                      smallconst   001022
__Hspace_0                         (abs)        30000E
__Hspace_1                         (abs)        0000E3
__Hspace_2                         (abs)        000000
__Hstack                           stack        000000
__Hstruct                          struct       000000
__Htemp                            temp         000033
__Htext                            text         000000
__Htext0                           text0        000000
__Htext1                           text1        000000
__Htext10                          text10       000000
__Htext11                          text11       000000
__Htext12                          text12       000000
__Htext14                          text14       000000
__Htext15                          text15       000000
__Htext16                          text16       000000
__Htext2                           text2        000000
__Htext3                           text3        000000
__Htext4                           text4        000000
__Htext5                           text5        000000
__Htext6                           text6        000000
__Htext7                           text7        000000
__Htext8                           text8        000000
__Htext9                           text9        000000
__LRAM                             (abs)        000001
__Labs1                            abs1         000000
__Lbank0                           bank0        000000
__Lbank1                           bank1        000000
__Lbank10                          bank10       000000
__Lbank11                          bank11       000000
__Lbank12                          bank12       000000
__Lbank13                          bank13       000000
__Lbank14                          bank14       000000
__Lbank15                          bank15       000000
__Lbank2                           bank2        000000
__Lbank3                           bank3        000000
__Lbank4                           bank4        000000
__Lbank5                           bank5        000000
__Lbank6                           bank6        000000
__Lbank7                           bank7        000000
__Lbank8                           bank8        000000
__Lbank9                           bank9        000000
__Lbigbss                          bigbss       000000
__Lbigdata                         bigdata      000000
__Lbigram                          bigram       000000
__Lbss                             bss          000000
__LbssBANK0                        bssBANK0     000000
__Lcinit                           cinit        000000
__Lclrtext                         clrtext      000000
__Lcomram                          comram       000000
__Lconfig                          config       300000
__Lconst                           const        000000
__LcstackCOMRAM                    cstackCOMRAM 000000
__Ldata                            data         000000
__Leeprom_data                     eeprom_data  000000
__Lend_init                        end_init     000088
__Lfarbss                          farbss       000000
__Lfardata                         fardata      000000
__Libigdata                        ibigdata     000000
__Lidata                           idata        000000
__Lidloc                           idloc        200000
__Lifardata                        ifardata     000000
__Linit                            init         000088
__Lintcode                         intcode      000008
__Lintcode_body                    intcode_body 000000
__Lintcodelo                       intcodelo    000088
__Lintentry                        intentry     000000
__Lintret                          intret       000000
__Lintsave_regs                    intsave_regs 000000
__Lirdata                          irdata       000000
__Lmediumconst                     mediumconst  000000
__LnvFARRAM                        nvFARRAM     000000
__Lnvbit                           nvbit        000000
__Lnvrram                          nvrram       000000
__Lparam                           rparam       000000
__Lpowerup                         powerup      000088
__Lram                             ram          000000
__Lramtop                          ramtop       001000
__Lrbit                            rbit         000000
__Lrbss                            rbss         000000
__Lrdata                           rdata        000000
__Lreset_vec                       reset_vec    000000
__Lrparam                          rparam       000000
__Lsfr                             sfr          000000
__Lsmallconst                      smallconst   001000
__Lspace_0                         (abs)        000000
__Lspace_1                         (abs)        000000
__Lspace_2                         (abs)        000000
__Lstack                           stack        000000
__Lstruct                          struct       000000
__Ltemp                            temp         000032
__Ltext                            text         000000
__Ltext0                           text0        000000
__Ltext1                           text1        000000
__Ltext10                          text10       000000
__Ltext11                          text11       000000
__Ltext12                          text12       000000
__Ltext14                          text14       000000
__Ltext15                          text15       000000
__Ltext16                          text16       000000
__Ltext2                           text2        000000
__Ltext3                           text3        000000
__Ltext4                           text4        000000
__Ltext5                           text5        000000
__Ltext6                           text6        000000
__Ltext7                           text7        000000
__Ltext8                           text8        000000
__Ltext9                           text9        000000
__S0                               (abs)        30000E
__S1                               (abs)        0000E3
__S2                               (abs)        000000
___inthi_sp                        stack        000000
___intlo_sp                        stack        000000
___lldiv                           text3        001422
___lldiv@counter                   cstackCOMRAM 000024
___lldiv@dividend                  cstackCOMRAM 000018
___lldiv@divisor                   cstackCOMRAM 00001C
___lldiv@quotient                  cstackCOMRAM 000020
___param_bank                      (abs)        000010
___rparam_used                     (abs)        000001
___sp                              stack        000000
__accesstop                        (abs)        000060
__activetblptr                     (abs)        000002
__end_of_ISR                       intcode      000088
__end_of_LED1_                     text12       00162C
__end_of___lldiv                   text3        001498
__end_of__initialization           cinit        0015F8
__end_of_check_package_bcc         text11       001310
__end_of_is_package_ready          text10       00161E
__end_of_main                      text0        001156
__end_of_memcmp                    text9        0014FE
__end_of_memset                    text8        001582
__end_of_reset_serial_com          text7        0015CC
__end_of_serial_interrupt_handler  text14       001422
__end_of_serial_rx_process         text6        001558
__end_of_serial_send_data          text5        001612
__end_of_serial_send_package       text4        001256
__end_of_usart_init                text2        00139A
__end_of_usart_isr_init            text1        001628
__end_ofi2_memset                  text16       0015AC
__end_ofi2_reset_serial_com        text15       0015EC
__end_ofserial_rx_process@F7893    smallconst   001006
__initialization                   cinit        0015EC
__mediumconst                      mediumconst  000000
__pbssBANK0                        bssBANK0     000060
__pcinit                           cinit        0015EC
__pcstackCOMRAM                    cstackCOMRAM 000001
__pintcode                         intcode      000008
__psmallconst                      smallconst   001000
__ptext0                           text0        001022
__ptext1                           text1        00161E
__ptext10                          text10       001612
__ptext11                          text11       001256
__ptext12                          text12       001628
__ptext14                          text14       00139A
__ptext15                          text15       0015CC
__ptext16                          text16       001582
__ptext2                           text2        001310
__ptext3                           text3        001422
__ptext4                           text4        001156
__ptext5                           text5        001606
__ptext6                           text6        0014FE
__ptext7                           text7        0015AC
__ptext8                           text8        001558
__ptext9                           text9        001498
__ramtop                           ramtop       001000
__size_of_ISR                      (abs)        000000
__size_of_LED1_                    (abs)        000000
__size_of___lldiv                  (abs)        000000
__size_of_check_package_bcc        (abs)        000000
__size_of_is_package_ready         (abs)        000000
__size_of_main                     (abs)        000000
__size_of_memcmp                   (abs)        000000
__size_of_memset                   (abs)        000000
__size_of_reset_serial_com         (abs)        000000
__size_of_serial_interrupt_handler (abs)        000000
__size_of_serial_rx_process        (abs)        000000
__size_of_serial_send_data         (abs)        000000
__size_of_serial_send_package      (abs)        000000
__size_of_usart_init               (abs)        000000
__size_of_usart_isr_init           (abs)        000000
__size_ofi2_memset                 (abs)        000000
__size_ofi2_reset_serial_com       (abs)        000000
__smallconst                       smallconst   001000
_check_package_bcc                 text11       001256
_is_package_ready                  text10       001612
_main                              text0        001022
_memcmp                            text9        001498
_memset                            text8        001558
_reset_serial_com                  text7        0015AC
_serial                            bssBANK0     000060
_serial_interrupt_handler          text14       00139A
_serial_rx_process                 text6        0014FE
_serial_send_data                  text5        001606
_serial_send_package               text4        001156
_usart_init                        text2        001310
_usart_isr_init                    text1        00161E
btemp                              temp         000032
check_package_bcc@bcc              cstackCOMRAM 00001F
check_package_bcc@i                cstackCOMRAM 000020
end_of_initialization              cinit        0015F8
i2_memset                          text16       001582
i2_reset_serial_com                text15       0015CC
i2memset@c                         cstackCOMRAM 000003
i2memset@n                         cstackCOMRAM 000005
i2memset@p                         cstackCOMRAM 000007
i2memset@p1                        cstackCOMRAM 000001
int$flags                          temp         000032
intlevel0                          text         000000
intlevel1                          text         000000
intlevel2                          text         000000
intlevel3                          text         000000
memcmp@n                           cstackCOMRAM 00001C
memcmp@s1                          cstackCOMRAM 000018
memcmp@s2                          cstackCOMRAM 00001A
memset@c                           cstackCOMRAM 00001A
memset@n                           cstackCOMRAM 00001C
memset@p                           cstackCOMRAM 00001E
memset@p1                          cstackCOMRAM 000018
serial_interrupt_handler@data      cstackCOMRAM 000009
serial_rx_process@F7893            smallconst   001001
serial_rx_process@info             cstackCOMRAM 000021
serial_send_data@data              cstackCOMRAM 000018
serial_send_package@bcc            cstackCOMRAM 00001E
serial_send_package@buff           cstackCOMRAM 000019
serial_send_package@i              cstackCOMRAM 00001F
serial_send_package@size           cstackCOMRAM 00001B
stackhi                            (abs)        000F37
stacklo                            (abs)        0000E3
start                              init         000088
start_initialization               cinit        0015EC
usart_init@BAUDRATE                cstackCOMRAM 000025
usart_init@DIVIDER                 cstackCOMRAM 00002D


FUNCTION INFORMATION:

 *************** function _main *****************
 Defined at:
		line 20 in file "C:/Users/F.ArGe/Desktop/deneme/node2.X/main.c"
 Parameters:    Size  Location     Type
		None
 Auto vars:     Size  Location     Type
		None
 Return value:  Size  Location     Type
                  1    wreg      void 
 Registers used:
		wreg, fsr1l, fsr1h, fsr2l, fsr2h, status,2, status,0, tblptrl, tblptrh, tblptru, prodl, prodh, cstack
 Tracked objects:
		On entry : 
		On exit  : 
		Unchanged: 
 Data sizes:     COMRAM   BANK0   BANK1   BANK2   BANK3   BANK4   BANK5   BANK6   BANK7   BANK8   BANK9  BANK10  BANK11  BANK12  BANK13  BANK14  BANK15
      Params:         0       0       0       0       0       0       0       0       0       0       0       0       0       0       0       0       0
      Locals:         0       0       0       0       0       0       0       0       0       0       0       0       0       0       0       0       0
      Temps:          1       0       0       0       0       0       0       0       0       0       0       0       0       0       0       0       0
      Totals:         1       0       0       0       0       0       0       0       0       0       0       0       0       0       0       0       0
Total ram usage:        1 bytes
 Hardware stack levels required when called:    7
 This function calls:
		_serial_rx_process
		_serial_send_package
		_usart_init
		_usart_isr_init
 This function is called by:
		Startup code after reset
 This function uses a non-reentrant model


 *************** function _usart_isr_init *****************
 Defined at:
		line 48 in file "C:/Users/F.ArGe/Desktop/deneme/node2.X/usart.c"
 Parameters:    Size  Location     Type
		None
 Auto vars:     Size  Location     Type
		None
 Return value:  Size  Location     Type
                  1    wreg      void 
 Registers used:
		None
 Tracked objects:
		On entry : 
		On exit  : 
		Unchanged: 
 Data sizes:     COMRAM   BANK0   BANK1   BANK2   BANK3   BANK4   BANK5   BANK6   BANK7   BANK8   BANK9  BANK10  BANK11  BANK12  BANK13  BANK14  BANK15
      Params:         0       0       0       0       0       0       0       0       0       0       0       0       0       0       0       0       0
      Locals:         0       0       0       0       0       0       0       0       0       0       0       0       0       0       0       0       0
      Temps:          0       0       0       0       0       0       0       0       0       0       0       0       0       0       0       0       0
      Totals:         0       0       0       0       0       0       0       0       0       0       0       0       0       0       0       0       0
Total ram usage:        0 bytes
 Hardware stack levels used:    1
 Hardware stack levels required when called:    4
 This function calls:
		Nothing
 This function is called by:
		_main
 This function uses a non-reentrant model


 *************** function _usart_init *****************
 Defined at:
		line 5 in file "C:/Users/F.ArGe/Desktop/deneme/node2.X/usart.c"
 Parameters:    Size  Location     Type
  BAUDRATE        2   36[COMRAM] unsigned int 
 Auto vars:     Size  Location     Type
  DIVIDER         4   44[COMRAM] unsigned long 
 Return value:  Size  Location     Type
                  1    wreg      void 
 Registers used:
		wreg, status,2, status,0, cstack
 Tracked objects:
		On entry : 
		On exit  : 
		Unchanged: 
 Data sizes:     COMRAM   BANK0   BANK1   BANK2   BANK3   BANK4   BANK5   BANK6   BANK7   BANK8   BANK9  BANK10  BANK11  BANK12  BANK13  BANK14  BANK15
      Params:         2       0       0       0       0       0       0       0       0       0       0       0       0       0       0       0       0
      Locals:         4       0       0       0       0       0       0       0       0       0       0       0       0       0       0       0       0
      Temps:          6       0       0       0       0       0       0       0       0       0       0       0       0       0       0       0       0
      Totals:        12       0       0       0       0       0       0       0       0       0       0       0       0       0       0       0       0
Total ram usage:       12 bytes
 Hardware stack levels used:    1
 Hardware stack levels required when called:    5
 This function calls:
		___lldiv
 This function is called by:
		_main
 This function uses a non-reentrant model


 *************** function ___lldiv *****************
 Defined at:
		line 8 in file "C:\Program Files (x86)\Microchip\xc8\v1.36\sources\common\lldiv.c"
 Parameters:    Size  Location     Type
  dividend        4   23[COMRAM] unsigned long 
  divisor         4   27[COMRAM] unsigned long 
 Auto vars:     Size  Location     Type
  quotient        4   31[COMRAM] unsigned long 
  counter         1   35[COMRAM] unsigned char 
 Return value:  Size  Location     Type
                  4   23[COMRAM] unsigned long 
 Registers used:
		wreg, status,2, status,0
 Tracked objects:
		On entry : 
		On exit  : 
		Unchanged: 
 Data sizes:     COMRAM   BANK0   BANK1   BANK2   BANK3   BANK4   BANK5   BANK6   BANK7   BANK8   BANK9  BANK10  BANK11  BANK12  BANK13  BANK14  BANK15
      Params:         8       0       0       0       0       0       0       0       0       0       0       0       0       0       0       0       0
      Locals:         5       0       0       0       0       0       0       0       0       0       0       0       0       0       0       0       0
      Temps:          0       0       0       0       0       0       0       0       0       0       0       0       0       0       0       0       0
      Totals:        13       0       0       0       0       0       0       0       0       0       0       0       0       0       0       0       0
Total ram usage:       13 bytes
 Hardware stack levels used:    1
 Hardware stack levels required when called:    4
 This function calls:
		Nothing
 This function is called by:
		_usart_init
 This function uses a non-reentrant model


 *************** function _serial_send_package *****************
 Defined at:
		line 146 in file "C:/Users/F.ArGe/Desktop/deneme/node2.X/serial.c"
 Parameters:    Size  Location     Type
  buff            2   24[COMRAM] PTR const unsigned char 
		 -> STR_3(9), STR_2(8), STR_1(9), 
  size            1   26[COMRAM] unsigned char 
 Auto vars:     Size  Location     Type
  i               1   30[COMRAM] unsigned char 
  bcc             1   29[COMRAM] unsigned char 
 Return value:  Size  Location     Type
                  1    wreg      void 
 Registers used:
		wreg, status,2, status,0, tblptrl, tblptrh, tblptru, prodl, prodh, cstack
 Tracked objects:
		On entry : 
		On exit  : 
		Unchanged: 
 Data sizes:     COMRAM   BANK0   BANK1   BANK2   BANK3   BANK4   BANK5   BANK6   BANK7   BANK8   BANK9  BANK10  BANK11  BANK12  BANK13  BANK14  BANK15
      Params:         3       0       0       0       0       0       0       0       0       0       0       0       0       0       0       0       0
      Locals:         2       0       0       0       0       0       0       0       0       0       0       0       0       0       0       0       0
      Temps:          2       0       0       0       0       0       0       0       0       0       0       0       0       0       0       0       0
      Totals:         7       0       0       0       0       0       0       0       0       0       0       0       0       0       0       0       0
Total ram usage:        7 bytes
 Hardware stack levels used:    1
 Hardware stack levels required when called:    5
 This function calls:
		_serial_send_data
 This function is called by:
		_main
 This function uses a non-reentrant model


 *************** function _serial_send_data *****************
 Defined at:
		line 140 in file "C:/Users/F.ArGe/Desktop/deneme/node2.X/serial.c"
 Parameters:    Size  Location     Type
  data            1    wreg     unsigned char 
 Auto vars:     Size  Location     Type
  data            1   23[COMRAM] unsigned char 
 Return value:  Size  Location     Type
                  1    wreg      void 
 Registers used:
		wreg
 Tracked objects:
		On entry : 
		On exit  : 
		Unchanged: 
 Data sizes:     COMRAM   BANK0   BANK1   BANK2   BANK3   BANK4   BANK5   BANK6   BANK7   BANK8   BANK9  BANK10  BANK11  BANK12  BANK13  BANK14  BANK15
      Params:         0       0       0       0       0       0       0       0       0       0       0       0       0       0       0       0       0
      Locals:         1       0       0       0       0       0       0       0       0       0       0       0       0       0       0       0       0
      Temps:          0       0       0       0       0       0       0       0       0       0       0       0       0       0       0       0       0
      Totals:         1       0       0       0       0       0       0       0       0       0       0       0       0       0       0       0       0
Total ram usage:        1 bytes
 Hardware stack levels used:    1
 Hardware stack levels required when called:    4
 This function calls:
		Nothing
 This function is called by:
		_serial_send_package
 This function uses a non-reentrant model


 *************** function _serial_rx_process *****************
 Defined at:
		line 189 in file "C:/Users/F.ArGe/Desktop/deneme/node2.X/serial.c"
 Parameters:    Size  Location     Type
		None
 Auto vars:     Size  Location     Type
  info            5   32[COMRAM] const unsigned char [5]
 Return value:  Size  Location     Type
                  1    wreg      void 
 Registers used:
		wreg, fsr1l, fsr1h, fsr2l, fsr2h, status,2, status,0, tblptrl, tblptrh, tblptru, prodl, prodh, cstack
 Tracked objects:
		On entry : 
		On exit  : 
		Unchanged: 
 Data sizes:     COMRAM   BANK0   BANK1   BANK2   BANK3   BANK4   BANK5   BANK6   BANK7   BANK8   BANK9  BANK10  BANK11  BANK12  BANK13  BANK14  BANK15
      Params:         0       0       0       0       0       0       0       0       0       0       0       0       0       0       0       0       0
      Locals:         5       0       0       0       0       0       0       0       0       0       0       0       0       0       0       0       0
      Temps:          0       0       0       0       0       0       0       0       0       0       0       0       0       0       0       0       0
      Totals:         5       0       0       0       0       0       0       0       0       0       0       0       0       0       0       0       0
Total ram usage:        5 bytes
 Hardware stack levels used:    1
 Hardware stack levels required when called:    6
 This function calls:
		_LED1_
		_check_package_bcc
		_is_package_ready
		_memcmp
		_reset_serial_com
 This function is called by:
		_main
 This function uses a non-reentrant model


 *************** function _reset_serial_com *****************
 Defined at:
		line 53 in file "C:/Users/F.ArGe/Desktop/deneme/node2.X/serial.c"
 Parameters:    Size  Location     Type
		None
 Auto vars:     Size  Location     Type
		None
 Return value:  Size  Location     Type
                  1    wreg      void 
 Registers used:
		wreg, fsr2l, fsr2h, status,2, status,0, cstack
 Tracked objects:
		On entry : 
		On exit  : 
		Unchanged: 
 Data sizes:     COMRAM   BANK0   BANK1   BANK2   BANK3   BANK4   BANK5   BANK6   BANK7   BANK8   BANK9  BANK10  BANK11  BANK12  BANK13  BANK14  BANK15
      Params:         0       0       0       0       0       0       0       0       0       0       0       0       0       0       0       0       0
      Locals:         0       0       0       0       0       0       0       0       0       0       0       0       0       0       0       0       0
      Temps:          0       0       0       0       0       0       0       0       0       0       0       0       0       0       0       0       0
      Totals:         0       0       0       0       0       0       0       0       0       0       0       0       0       0       0       0       0
Total ram usage:        0 bytes
 Hardware stack levels used:    1
 Hardware stack levels required when called:    5
 This function calls:
		_memset
 This function is called by:
		_serial_rx_process
 This function uses a non-reentrant model


 *************** function _memset *****************
 Defined at:
		line 8 in file "C:\Program Files (x86)\Microchip\xc8\v1.36\sources\common\memset.c"
 Parameters:    Size  Location     Type
  p1              2   23[COMRAM] PTR void 
		 -> serial(131), 
  c               2   25[COMRAM] int 
  n               2   27[COMRAM] unsigned int 
 Auto vars:     Size  Location     Type
  p               2   29[COMRAM] PTR unsigned char 
		 -> serial(131), 
 Return value:  Size  Location     Type
                  2   23[COMRAM] PTR void 
 Registers used:
		wreg, fsr2l, fsr2h, status,2, status,0
 Tracked objects:
		On entry : 
		On exit  : 
		Unchanged: 
 Data sizes:     COMRAM   BANK0   BANK1   BANK2   BANK3   BANK4   BANK5   BANK6   BANK7   BANK8   BANK9  BANK10  BANK11  BANK12  BANK13  BANK14  BANK15
      Params:         6       0       0       0       0       0       0       0       0       0       0       0       0       0       0       0       0
      Locals:         2       0       0       0       0       0       0       0       0       0       0       0       0       0       0       0       0
      Temps:          0       0       0       0       0       0       0       0       0       0       0       0       0       0       0       0       0
      Totals:         8       0       0       0       0       0       0       0       0       0       0       0       0       0       0       0       0
Total ram usage:        8 bytes
 Hardware stack levels used:    1
 Hardware stack levels required when called:    4
 This function calls:
		Nothing
 This function is called by:
		_reset_serial_com
 This function uses a non-reentrant model


 *************** function _memcmp *****************
 Defined at:
		line 3 in file "C:\Program Files (x86)\Microchip\xc8\v1.36\sources\common\memcmp.c"
 Parameters:    Size  Location     Type
  s1              2   23[COMRAM] PTR const void 
		 -> serial.buffer(128), serial(131), 
  s2              2   25[COMRAM] PTR const void 
		 -> serial_rx_process@info(5), 
  n               2   27[COMRAM] unsigned int 
 Auto vars:     Size  Location     Type
		None
 Return value:  Size  Location     Type
                  2   23[COMRAM] int 
 Registers used:
		wreg, fsr1l, fsr1h, fsr2l, fsr2h, status,2, status,0
 Tracked objects:
		On entry : 
		On exit  : 
		Unchanged: 
 Data sizes:     COMRAM   BANK0   BANK1   BANK2   BANK3   BANK4   BANK5   BANK6   BANK7   BANK8   BANK9  BANK10  BANK11  BANK12  BANK13  BANK14  BANK15
      Params:         6       0       0       0       0       0       0       0       0       0       0       0       0       0       0       0       0
      Locals:         0       0       0       0       0       0       0       0       0       0       0       0       0       0       0       0       0
      Temps:          3       0       0       0       0       0       0       0       0       0       0       0       0       0       0       0       0
      Totals:         9       0       0       0       0       0       0       0       0       0       0       0       0       0       0       0       0
Total ram usage:        9 bytes
 Hardware stack levels used:    1
 Hardware stack levels required when called:    4
 This function calls:
		Nothing
 This function is called by:
		_serial_rx_process
 This function uses a non-reentrant model


 *************** function _is_package_ready *****************
 Defined at:
		line 177 in file "C:/Users/F.ArGe/Desktop/deneme/node2.X/serial.c"
 Parameters:    Size  Location     Type
		None
 Auto vars:     Size  Location     Type
		None
 Return value:  Size  Location     Type
                  1    wreg      unsigned char 
 Registers used:
		wreg, status,2, status,0
 Tracked objects:
		On entry : 
		On exit  : 
		Unchanged: 
 Data sizes:     COMRAM   BANK0   BANK1   BANK2   BANK3   BANK4   BANK5   BANK6   BANK7   BANK8   BANK9  BANK10  BANK11  BANK12  BANK13  BANK14  BANK15
      Params:         0       0       0       0       0       0       0       0       0       0       0       0       0       0       0       0       0
      Locals:         0       0       0       0       0       0       0       0       0       0       0       0       0       0       0       0       0
      Temps:          0       0       0       0       0       0       0       0       0       0       0       0       0       0       0       0       0
      Totals:         0       0       0       0       0       0       0       0       0       0       0       0       0       0       0       0       0
Total ram usage:        0 bytes
 Hardware stack levels used:    1
 Hardware stack levels required when called:    4
 This function calls:
		Nothing
 This function is called by:
		_serial_rx_process
 This function uses a non-reentrant model


 *************** function _check_package_bcc *****************
 Defined at:
		line 120 in file "C:/Users/F.ArGe/Desktop/deneme/node2.X/serial.c"
 Parameters:    Size  Location     Type
		None
 Auto vars:     Size  Location     Type
  i               1   31[COMRAM] unsigned char 
  bcc             1   30[COMRAM] unsigned char 
 Return value:  Size  Location     Type
                  1    wreg      unsigned char 
 Registers used:
		wreg, fsr2l, fsr2h, status,2, status,0, prodl, prodh
 Tracked objects:
		On entry : 
		On exit  : 
		Unchanged: 
 Data sizes:     COMRAM   BANK0   BANK1   BANK2   BANK3   BANK4   BANK5   BANK6   BANK7   BANK8   BANK9  BANK10  BANK11  BANK12  BANK13  BANK14  BANK15
      Params:         0       0       0       0       0       0       0       0       0       0       0       0       0       0       0       0       0
      Locals:         2       0       0       0       0       0       0       0       0       0       0       0       0       0       0       0       0
      Temps:          7       0       0       0       0       0       0       0       0       0       0       0       0       0       0       0       0
      Totals:         9       0       0       0       0       0       0       0       0       0       0       0       0       0       0       0       0
Total ram usage:        9 bytes
 Hardware stack levels used:    1
 Hardware stack levels required when called:    4
 This function calls:
		Nothing
 This function is called by:
		_serial_rx_process
 This function uses a non-reentrant model


 *************** function _LED1_ *****************
 Defined at:
		line 184 in file "C:/Users/F.ArGe/Desktop/deneme/node2.X/serial.c"
 Parameters:    Size  Location     Type
		None
 Auto vars:     Size  Location     Type
		None
 Return value:  Size  Location     Type
                  1    wreg      void 
 Registers used:
		None
 Tracked objects:
		On entry : 
		On exit  : 
		Unchanged: 
 Data sizes:     COMRAM   BANK0   BANK1   BANK2   BANK3   BANK4   BANK5   BANK6   BANK7   BANK8   BANK9  BANK10  BANK11  BANK12  BANK13  BANK14  BANK15
      Params:         0       0       0       0       0       0       0       0       0       0       0       0       0       0       0       0       0
      Locals:         0       0       0       0       0       0       0       0       0       0       0       0       0       0       0       0       0
      Temps:          0       0       0       0       0       0       0       0       0       0       0       0       0       0       0       0       0
      Totals:         0       0       0       0       0       0       0       0       0       0       0       0       0       0       0       0       0
Total ram usage:        0 bytes
 Hardware stack levels used:    1
 Hardware stack levels required when called:    4
 This function calls:
		Nothing
 This function is called by:
		_serial_rx_process
 This function uses a non-reentrant model


 *************** function _ISR *****************
 Defined at:
		line 12 in file "C:/Users/F.ArGe/Desktop/deneme/node2.X/main.c"
 Parameters:    Size  Location     Type
		None
 Auto vars:     Size  Location     Type
		None
 Return value:  Size  Location     Type
                  1    wreg      void 
 Registers used:
		wreg, fsr2l, fsr2h, status,2, status,0, prodl, prodh, cstack
 Tracked objects:
		On entry : 
		On exit  : 
		Unchanged: 
 Data sizes:     COMRAM   BANK0   BANK1   BANK2   BANK3   BANK4   BANK5   BANK6   BANK7   BANK8   BANK9  BANK10  BANK11  BANK12  BANK13  BANK14  BANK15
      Params:         0       0       0       0       0       0       0       0       0       0       0       0       0       0       0       0       0
      Locals:         0       0       0       0       0       0       0       0       0       0       0       0       0       0       0       0       0
      Temps:         14       0       0       0       0       0       0       0       0       0       0       0       0       0       0       0       0
      Totals:        14       0       0       0       0       0       0       0       0       0       0       0       0       0       0       0       0
Total ram usage:       14 bytes
 Hardware stack levels used:    1
 Hardware stack levels required when called:    3
 This function calls:
		_serial_interrupt_handler
 This function is called by:
		Interrupt level 2
 This function uses a non-reentrant model


 *************** function _serial_interrupt_handler *****************
 Defined at:
		line 61 in file "C:/Users/F.ArGe/Desktop/deneme/node2.X/serial.c"
 Parameters:    Size  Location     Type
  data            1    wreg     unsigned char 
 Auto vars:     Size  Location     Type
  data            1    8[COMRAM] unsigned char 
 Return value:  Size  Location     Type
                  1    wreg      void 
 Registers used:
		wreg, fsr2l, fsr2h, status,2, status,0, prodl, prodh, cstack
 Tracked objects:
		On entry : 
		On exit  : 
		Unchanged: 
 Data sizes:     COMRAM   BANK0   BANK1   BANK2   BANK3   BANK4   BANK5   BANK6   BANK7   BANK8   BANK9  BANK10  BANK11  BANK12  BANK13  BANK14  BANK15
      Params:         0       0       0       0       0       0       0       0       0       0       0       0       0       0       0       0       0
      Locals:         1       0       0       0       0       0       0       0       0       0       0       0       0       0       0       0       0
      Temps:          0       0       0       0       0       0       0       0       0       0       0       0       0       0       0       0       0
      Totals:         1       0       0       0       0       0       0       0       0       0       0       0       0       0       0       0       0
Total ram usage:        1 bytes
 Hardware stack levels used:    1
 Hardware stack levels required when called:    2
 This function calls:
		i2_reset_serial_com
 This function is called by:
		_ISR
 This function uses a non-reentrant model


 *************** function i2_reset_serial_com *****************
 Defined at:
		line 53 in file "C:/Users/F.ArGe/Desktop/deneme/node2.X/serial.c"
 Parameters:    Size  Location     Type
		None
 Auto vars:     Size  Location     Type
		None
 Return value:  Size  Location     Type
                  1    wreg      void 
 Registers used:
		wreg, fsr2l, fsr2h, status,2, status,0, cstack
 Tracked objects:
		On entry : 
		On exit  : 
		Unchanged: 
 Data sizes:     COMRAM   BANK0   BANK1   BANK2   BANK3   BANK4   BANK5   BANK6   BANK7   BANK8   BANK9  BANK10  BANK11  BANK12  BANK13  BANK14  BANK15
      Params:         0       0       0       0       0       0       0       0       0       0       0       0       0       0       0       0       0
      Locals:         0       0       0       0       0       0       0       0       0       0       0       0       0       0       0       0       0
      Temps:          0       0       0       0       0       0       0       0       0       0       0       0       0       0       0       0       0
      Totals:         0       0       0       0       0       0       0       0       0       0       0       0       0       0       0       0       0
Total ram usage:        0 bytes
 Hardware stack levels used:    1
 Hardware stack levels required when called:    1
 This function calls:
		i2_memset
 This function is called by:
		_serial_interrupt_handler
 This function uses a non-reentrant model


 *************** function i2_memset *****************
 Defined at:
		line 8 in file "C:\Program Files (x86)\Microchip\xc8\v1.36\sources\common\memset.c"
 Parameters:    Size  Location     Type
  p1              2    0[COMRAM] PTR void 
		 -> serial(131), 
  c               2    2[COMRAM] int 
  n               2    4[COMRAM] unsigned int 
 Auto vars:     Size  Location     Type
  memset          2    6[COMRAM] PTR unsigned char 
		 -> serial(131), 
 Return value:  Size  Location     Type
                  2    0[COMRAM] PTR void 
 Registers used:
		wreg, fsr2l, fsr2h, status,2, status,0
 Tracked objects:
		On entry : 
		On exit  : 
		Unchanged: 
 Data sizes:     COMRAM   BANK0   BANK1   BANK2   BANK3   BANK4   BANK5   BANK6   BANK7   BANK8   BANK9  BANK10  BANK11  BANK12  BANK13  BANK14  BANK15
      Params:         6       0       0       0       0       0       0       0       0       0       0       0       0       0       0       0       0
      Locals:         2       0       0       0       0       0       0       0       0       0       0       0       0       0       0       0       0
      Temps:          0       0       0       0       0       0       0       0       0       0       0       0       0       0       0       0       0
      Totals:         8       0       0       0       0       0       0       0       0       0       0       0       0       0       0       0       0
Total ram usage:        8 bytes
 Hardware stack levels used:    1
 This function calls:
		Nothing
 This function is called by:
		i2_reset_serial_com
 This function uses a non-reentrant model



MODULE INFORMATION

Module		Function		Class		Link	Load	Size
C:/Users/F.ArGe/Desktop/deneme/node2.X/serial.c
		_serial_rx_process		CODE           	14FE	0000	91
		_serial_send_package		CODE           	1156	0000	257
		_check_package_bcc		CODE           	1256	0000	187
		_serial_interrupt_handler		CODE           	139A	0000	137
		_serial_send_data		CODE           	1606	0000	13
		_LED1_         		CODE           	1628	0000	5
		_is_package_ready		CODE           	1612	0000	13
		_reset_serial_com		CODE           	15AC	0000	33

C:/Users/F.ArGe/Desktop/deneme/node2.X/serial.c estimated size: 736

C:\Program Files (x86)\Microchip\xc8\v1.36\sources\common\memset.c
		_memset        		CODE           	1558	0000	43

C:\Program Files (x86)\Microchip\xc8\v1.36\sources\common\memset.c estimated size: 43

C:/Users/F.ArGe/Desktop/deneme/node2.X/usart.c
		_usart_init    		CODE           	1310	0000	139
		_usart_isr_init		CODE           	161E	0000	11

C:/Users/F.ArGe/Desktop/deneme/node2.X/usart.c estimated size: 150

C:\Program Files (x86)\Microchip\xc8\v1.36\sources\common\lldiv.c
		___lldiv       		CODE           	1422	0000	119

C:\Program Files (x86)\Microchip\xc8\v1.36\sources\common\lldiv.c estimated size: 119

C:\Program Files (x86)\Microchip\xc8\v1.36\sources\common\memcmp.c
		_memcmp        		CODE           	1498	0000	103

C:\Program Files (x86)\Microchip\xc8\v1.36\sources\common\memcmp.c estimated size: 103

shared
		serial_rx_process@F7893		SMALLCONST     	1001	0000	6
		i2_reset_serial_com		CODE           	15CC	0000	33
		__initialization		CODE           	15EC	0000	13
		i2_memset      		CODE           	1582	0000	43

shared estimated size: 95

C:/Users/F.ArGe/Desktop/deneme/node2.X/main.c
		_ISR           		CODE           	0008	0000	129
		_main          		CODE           	1022	0000	309

C:/Users/F.ArGe/Desktop/deneme/node2.X/main.c estimated size: 438

