Microchip MPLAB XC8 Compiler V1.36 ()

Linker command line:

-W-3 --edf=C:\Program Files (x86)\Microchip\xc8\v1.36\dat\en_msgs.txt -cs \
  -h+dist/default/production\node1.X.production.sym \
  --cmf=dist/default/production\node1.X.production.cmf -z -Q18F46K22 \
  -oC:\Users\F8948~1.ARG\AppData\Local\Temp\s96c.2 \
  -Mdist/default/production/node1.X.production.map -E1 -ver=XC8 \
  -ASTACK=0183h-0f37h -pstack=STACK -ACODE=00h-0FFFFh -ACONST=00h-0FFFFh \
  -ASMALLCONST=01000h-010FFhx240 -AMEDIUMCONST=01000h-0FFFFh \
  -ACOMRAM=01h-05Fh -AABS1=00h-0F37h -ABIGRAM=01h-0F37h \
  -ARAM=060h-0FFh,0100h-01FFhx14,0F00h-0F37h -ABANK0=060h-0FFh \
  -ABANK1=0100h-01FFh -ABANK2=0200h-02FFh -ABANK3=0300h-03FFh \
  -ABANK4=0400h-04FFh -ABANK5=0500h-05FFh -ABANK6=0600h-06FFh \
  -ABANK7=0700h-07FFh -ABANK8=0800h-08FFh -ABANK9=0900h-09FFh \
  -ABANK10=0A00h-0AFFh -ABANK11=0B00h-0BFFh -ABANK12=0C00h-0CFFh \
  -ABANK13=0D00h-0DFFh -ABANK14=0E00h-0EFFh -ABANK15=0F00h-0F37h \
  -ASFR=0F38h-0F5Fh,0F60h-0FFFh \
  -preset_vec=00h,intcode=08h,intcodelo,powerup,init,end_init \
  -pramtop=01000h -psmallconst=SMALLCONST -pmediumconst=MEDIUMCONST \
  -pconst=CONST -AFARRAM=00h-00h -ACONFIG=0300000h-030000Dh -pconfig=CONFIG \
  -AIDLOC=0200000h-0200007h -pidloc=IDLOC -AEEDATA=0F00000h-0F003FFh \
  -peeprom_data=EEDATA \
  -prdata=COMRAM,nvrram=COMRAM,nvbit=COMRAM,rbss=COMRAM,rbit=COMRAM \
  -pfarbss=FARRAM,fardata=FARRAM,nvFARRAM=FARRAM \
  -pintsave_regs=BIGRAM,bigbss=BIGRAM,bigdata=BIGRAM -pbss=RAM \
  -pidata=CODE,irdata=CODE,ibigdata=CODE,ifardata=CODE -prparam=COMRAM \
  C:\Users\F8948~1.ARG\AppData\Local\Temp\s96c.obj \
  dist/default/production\node1.X.production.obj 

Object code version is 3.11

Machine type is 18F46K22

Call graph: (short form)




                Name                               Link     Load   Length Selector   Space Scale
C:\Users\F8948~1.ARG\AppData\Local\Temp\s96c.obj
                end_init                             90       90        4        4       0
                reset_vec                             0        0        4        0       0
                idloc                            200000   200000        8   200000       0
                config                           300000   300000        E   300000       0
dist/default/production\node1.X.production.obj
                intcode                               8        8       88        4       0
                temp                                 46       46        1        1       1
                smallconst                         1000     1000       D2      800       0
                text21                             17C6     17C6       2A      869       0
                text20                             1858     1858       20      869       0
                text19                             159E     159E       88      869       0
                text17                             16EC     16EC       4A      869       0
                text16                             18B0     18B0        C      869       0
                text15                             10D2     10D2      182      869       0
                text14                             1888     1888       10      869       0
                text13                             1878     1878       10      869       0
                text12                             137E     137E       E8      869       0
                text11                             18A4     18A4        C      869       0
                text10                             169C     169C       50      869       0
                text9                              179C     179C       2A      869       0
                text8                              1838     1838       20      869       0
                text7                              1898     1898        C      869       0
                text6                              1466     1466       AE      869       0
                text5                              1816     1816       22      869       0
                text4                              1254     1254      12A      869       0
                text3                              1626     1626       76      869       0
                text2                              1514     1514       8A      869       0
                text1                              18BC     18BC        A      869       0
                text0                              176C     176C       30      869       0
                cstackCOMRAM                          1        1       45        1       1
                cstackBANK0                          86       86       1F       60       1
                bssBANK1                            100      100       83      100       1
                dataBANK0                            60       60       26       60       1
                cinit                              1736     1736       36      869       0
                idataBANK0                         17F0     17F0       26      869       0

TOTAL           Name                               Link     Load   Length     Space
        CLASS   STACK          

        CLASS   CODE           
                end_init                             90       90        4         0
                intcode                               8        8       88         0
                reset_vec                             0        0        4         0
                text21                             17C6     17C6       2A         0
                text20                             1858     1858       20         0
                text19                             159E     159E       88         0
                text17                             16EC     16EC       4A         0
                text16                             18B0     18B0        C         0
                text15                             10D2     10D2      182         0
                text14                             1888     1888       10         0
                text13                             1878     1878       10         0
                text12                             137E     137E       E8         0
                text11                             18A4     18A4        C         0
                text10                             169C     169C       50         0
                text9                              179C     179C       2A         0
                text8                              1838     1838       20         0
                text7                              1898     1898        C         0
                text6                              1466     1466       AE         0
                text5                              1816     1816       22         0
                text4                              1254     1254      12A         0
                text3                              1626     1626       76         0
                text2                              1514     1514       8A         0
                text1                              18BC     18BC        A         0
                text0                              176C     176C       30         0
                cinit                              1736     1736       36         0
                idataBANK0                         17F0     17F0       26         0

        CLASS   CONST          

        CLASS   SMALLCONST     
                smallconst                         1000     1000       D2         0

        CLASS   MEDIUMCONST    

        CLASS   COMRAM         
                temp                                 46       46        1         1
                cstackCOMRAM                          1        1       45         1

        CLASS   ABS1           

        CLASS   BIGRAM         

        CLASS   RAM            

        CLASS   BANK0          
                cstackBANK0                          86       86       1F         1
                dataBANK0                            60       60       26         1

        CLASS   BANK1          
                bssBANK1                            100      100       83         1

        CLASS   BANK2          

        CLASS   BANK3          

        CLASS   BANK4          

        CLASS   BANK5          

        CLASS   BANK6          

        CLASS   BANK7          

        CLASS   BANK8          

        CLASS   BANK9          

        CLASS   BANK10         

        CLASS   BANK11         

        CLASS   BANK12         

        CLASS   BANK13         

        CLASS   BANK14         

        CLASS   BANK15         

        CLASS   SFR            

        CLASS   FARRAM         

        CLASS   CONFIG         
                config                           300000   300000        E         0

        CLASS   IDLOC          
                idloc                            200000   200000        8         0

        CLASS   EEDATA         



SEGMENTS        Name                           Load    Length   Top    Selector   Space  Class

                reset_vec                      000000  000004  000004         0       0  CODE    
                cstackCOMRAM                   000001  000046  000047         1       1  COMRAM  
                intcode                        000008  00008C  000094         4       0  CODE    
                dataBANK0                      000060  000045  0000A5        60       1  BANK0   
                bssBANK1                       000100  000083  000183       100       1  BANK1   
                smallconst                     001000  0000D2  0010D2       800       0  SMALLCON
                text15                         0010D2  0007F4  0018C6       869       0  CODE    
                idloc                          200000  000008  200008    200000       0  IDLOC   
                config                         300000  00000E  30000E    300000       0  CONFIG  


UNUSED ADDRESS RANGES

        Name                Unused          Largest block    Delta
        BANK0            0000A5-0000FF               5B
        BANK1            000183-0001FF               7D
        BANK10           000A00-000AFF              100
        BANK11           000B00-000BFF              100
        BANK12           000C00-000CFF              100
        BANK13           000D00-000DFF              100
        BANK14           000E00-000EFF              100
        BANK15           000F00-000F37               38
        BANK2            000200-0002FF              100
        BANK3            000300-0003FF              100
        BANK4            000400-0004FF              100
        BANK5            000500-0005FF              100
        BANK6            000600-0006FF              100
        BANK7            000700-0007FF              100
        BANK8            000800-0008FF              100
        BANK9            000900-0009FF              100
        BIGRAM           000047-00005F               19
                         0000A5-0000FF               5B
                         000183-000F37              DB5
        CODE             000004-000007                4
                         000094-000FFF              F6C
                         0018C6-00FFFF             E73A
        COMRAM           000047-00005F               19
        CONST            000004-000007                4
                         000094-000FFF              F6C
                         0018C6-00FFFF             E73A
        EEDATA           F00000-F003FF              400
        MEDIUMCONST      0018C6-00FFFF             E73A
        RAM              0000A5-0000FF               5B
                         000183-000F37              100
        SFR              000F38-000FFF               28
        SMALLCONST       0018C6-00FFFF              100
        STACK            000183-000F37              DB5

                                  Symbol Table

?___lldiv                          cstackCOMRAM 000019
?___lwdiv                          cstackCOMRAM 000019
?_printf                           cstackCOMRAM 000020
ISR@i                              cstackCOMRAM 000018
_ANSELB                            (abs)        000F39
_ANSELC                            (abs)        000F3A
_BAUDCON1bits                      (abs)        000FB8
_INTCONbits                        (abs)        000FF2
_ISR                               intcode      000008
_LATB0                             (abs)        007C50
_LATB1                             (abs)        007C51
_LED1_OFF                          text14       001888
_LED1_ON                           text13       001878
_PIE1bits                          (abs)        000F9D
_RC1IF                             (abs)        007CF5
_RCIF                              (abs)        007CF5
_RCONbits                          (abs)        000FD0
_RCREG                             (abs)        000FAE
_RCREG1                            (abs)        000FAE
_RCSTAbits                         (abs)        000FAB
_SPBRG                             (abs)        000FAF
_SPBRGH1                           (abs)        000FB0
_TRISB                             (abs)        000F93
_TRISC                             (abs)        000F94
_TRISC6                            (abs)        007CA6
_TRISC7                            (abs)        007CA7
_TX1REG                            (abs)        000FAD
_TXIF                              (abs)        007CF4
_TXREG                             (abs)        000FAD
_TXSTA1bits                        (abs)        000FAC
_TXSTAbits                         (abs)        000FAC
__CFG_BOREN$SBORDIS                (abs)        000000
__CFG_BORV$190                     (abs)        000000
__CFG_CCP2MX$PORTB3                (abs)        000000
__CFG_CCP3MX$PORTB5                (abs)        000000
__CFG_CP0$OFF                      (abs)        000000
__CFG_CP1$OFF                      (abs)        000000
__CFG_CP2$OFF                      (abs)        000000
__CFG_CP3$OFF                      (abs)        000000
__CFG_CPB$OFF                      (abs)        000000
__CFG_CPD$OFF                      (abs)        000000
__CFG_EBTR0$OFF                    (abs)        000000
__CFG_EBTR1$OFF                    (abs)        000000
__CFG_EBTR2$OFF                    (abs)        000000
__CFG_EBTR3$OFF                    (abs)        000000
__CFG_EBTRB$OFF                    (abs)        000000
__CFG_FCMEN$OFF                    (abs)        000000
__CFG_FOSC$XT                      (abs)        000000
__CFG_HFOFST$OFF                   (abs)        000000
__CFG_IESO$OFF                     (abs)        000000
__CFG_LVP$OFF                      (abs)        000000
__CFG_MCLRE$EXTMCLR                (abs)        000000
__CFG_P2BMX$PORTD2                 (abs)        000000
__CFG_PBADEN$OFF                   (abs)        000000
__CFG_PLLCFG$OFF                   (abs)        000000
__CFG_PRICLKEN$ON                  (abs)        000000
__CFG_PWRTEN$OFF                   (abs)        000000
__CFG_STVREN$ON                    (abs)        000000
__CFG_T3CMX$PORTC0                 (abs)        000000
__CFG_WDTEN$OFF                    (abs)        000000
__CFG_WDTPS$32768                  (abs)        000000
__CFG_WRT0$OFF                     (abs)        000000
__CFG_WRT1$OFF                     (abs)        000000
__CFG_WRT2$OFF                     (abs)        000000
__CFG_WRT3$OFF                     (abs)        000000
__CFG_WRTB$OFF                     (abs)        000000
__CFG_WRTC$OFF                     (abs)        000000
__CFG_WRTD$OFF                     (abs)        000000
__CFG_XINST$OFF                    (abs)        000000
__HRAM                             (abs)        000000
__Habs1                            abs1         000000
__Hbank0                           bank0        000000
__Hbank1                           bank1        000000
__Hbank10                          bank10       000000
__Hbank11                          bank11       000000
__Hbank12                          bank12       000000
__Hbank13                          bank13       000000
__Hbank14                          bank14       000000
__Hbank15                          bank15       000000
__Hbank2                           bank2        000000
__Hbank3                           bank3        000000
__Hbank4                           bank4        000000
__Hbank5                           bank5        000000
__Hbank6                           bank6        000000
__Hbank7                           bank7        000000
__Hbank8                           bank8        000000
__Hbank9                           bank9        000000
__Hbigbss                          bigbss       000000
__Hbigdata                         bigdata      000000
__Hbigram                          bigram       000000
__Hbss                             bss          000000
__HbssBANK1                        bssBANK1     000000
__Hcinit                           cinit        000000
__Hclrtext                         clrtext      000000
__Hcomram                          comram       000000
__Hconfig                          config       30000E
__Hconst                           const        000000
__HcstackBANK0                     cstackBANK0  000000
__HcstackCOMRAM                    cstackCOMRAM 000000
__Hdata                            data         000000
__HdataBANK0                       dataBANK0    000000
__Heeprom_data                     eeprom_data  000000
__Hend_init                        end_init     000094
__Hfarbss                          farbss       000000
__Hfardata                         fardata      000000
__Hibigdata                        ibigdata     000000
__Hidata                           idata        000000
__HidataBANK0                      idataBANK0   000000
__Hidloc                           idloc        200008
__Hifardata                        ifardata     000000
__Hinit                            init         000090
__Hintcode                         intcode      000090
__Hintcode_body                    intcode_body 000000
__Hintcodelo                       intcodelo    000090
__Hintentry                        intentry     000000
__Hintret                          intret       000000
__Hintsave_regs                    intsave_regs 000000
__Hirdata                          irdata       000000
__Hmediumconst                     mediumconst  000000
__HnvFARRAM                        nvFARRAM     000000
__Hnvbit                           nvbit        000000
__Hnvrram                          nvrram       000000
__Hparam                           rparam       000000
__Hpowerup                         powerup      000090
__Hram                             ram          000000
__Hramtop                          ramtop       001000
__Hrbit                            rbit         000000
__Hrbss                            rbss         000000
__Hrdata                           rdata        000000
__Hreset_vec                       reset_vec    000004
__Hrparam                          rparam       000000
__Hsfr                             sfr          000000
__Hsmallconst                      smallconst   0010D2
__Hspace_0                         (abs)        30000E
__Hspace_1                         (abs)        000183
__Hspace_2                         (abs)        000000
__Hstack                           stack        000000
__Hstruct                          struct       000000
__Htemp                            temp         000047
__Htext                            text         000000
__Htext0                           text0        000000
__Htext1                           text1        000000
__Htext10                          text10       000000
__Htext11                          text11       000000
__Htext12                          text12       000000
__Htext13                          text13       000000
__Htext14                          text14       000000
__Htext15                          text15       000000
__Htext16                          text16       000000
__Htext17                          text17       000000
__Htext19                          text19       000000
__Htext2                           text2        000000
__Htext20                          text20       000000
__Htext21                          text21       000000
__Htext3                           text3        000000
__Htext4                           text4        000000
__Htext5                           text5        000000
__Htext6                           text6        000000
__Htext7                           text7        000000
__Htext8                           text8        000000
__Htext9                           text9        000000
__LRAM                             (abs)        000001
__Labs1                            abs1         000000
__Lbank0                           bank0        000000
__Lbank1                           bank1        000000
__Lbank10                          bank10       000000
__Lbank11                          bank11       000000
__Lbank12                          bank12       000000
__Lbank13                          bank13       000000
__Lbank14                          bank14       000000
__Lbank15                          bank15       000000
__Lbank2                           bank2        000000
__Lbank3                           bank3        000000
__Lbank4                           bank4        000000
__Lbank5                           bank5        000000
__Lbank6                           bank6        000000
__Lbank7                           bank7        000000
__Lbank8                           bank8        000000
__Lbank9                           bank9        000000
__Lbigbss                          bigbss       000000
__Lbigdata                         bigdata      000000
__Lbigram                          bigram       000000
__Lbss                             bss          000000
__LbssBANK1                        bssBANK1     000000
__Lcinit                           cinit        000000
__Lclrtext                         clrtext      000000
__Lcomram                          comram       000000
__Lconfig                          config       300000
__Lconst                           const        000000
__LcstackBANK0                     cstackBANK0  000000
__LcstackCOMRAM                    cstackCOMRAM 000000
__Ldata                            data         000000
__LdataBANK0                       dataBANK0    000000
__Leeprom_data                     eeprom_data  000000
__Lend_init                        end_init     000090
__Lfarbss                          farbss       000000
__Lfardata                         fardata      000000
__Libigdata                        ibigdata     000000
__Lidata                           idata        000000
__LidataBANK0                      idataBANK0   000000
__Lidloc                           idloc        200000
__Lifardata                        ifardata     000000
__Linit                            init         000090
__Lintcode                         intcode      000008
__Lintcode_body                    intcode_body 000000
__Lintcodelo                       intcodelo    000090
__Lintentry                        intentry     000000
__Lintret                          intret       000000
__Lintsave_regs                    intsave_regs 000000
__Lirdata                          irdata       000000
__Lmediumconst                     mediumconst  000000
__LnvFARRAM                        nvFARRAM     000000
__Lnvbit                           nvbit        000000
__Lnvrram                          nvrram       000000
__Lparam                           rparam       000000
__Lpowerup                         powerup      000090
__Lram                             ram          000000
__Lramtop                          ramtop       001000
__Lrbit                            rbit         000000
__Lrbss                            rbss         000000
__Lrdata                           rdata        000000
__Lreset_vec                       reset_vec    000000
__Lrparam                          rparam       000000
__Lsfr                             sfr          000000
__Lsmallconst                      smallconst   001000
__Lspace_0                         (abs)        000000
__Lspace_1                         (abs)        000000
__Lspace_2                         (abs)        000000
__Lstack                           stack        000000
__Lstruct                          struct       000000
__Ltemp                            temp         000046
__Ltext                            text         000000
__Ltext0                           text0        000000
__Ltext1                           text1        000000
__Ltext10                          text10       000000
__Ltext11                          text11       000000
__Ltext12                          text12       000000
__Ltext13                          text13       000000
__Ltext14                          text14       000000
__Ltext15                          text15       000000
__Ltext16                          text16       000000
__Ltext17                          text17       000000
__Ltext19                          text19       000000
__Ltext2                           text2        000000
__Ltext20                          text20       000000
__Ltext21                          text21       000000
__Ltext3                           text3        000000
__Ltext4                           text4        000000
__Ltext5                           text5        000000
__Ltext6                           text6        000000
__Ltext7                           text7        000000
__Ltext8                           text8        000000
__Ltext9                           text9        000000
__S0                               (abs)        30000E
__S1                               (abs)        000183
__S2                               (abs)        000000
___inthi_sp                        stack        000000
___intlo_sp                        stack        000000
___lldiv                           text3        001626
___lldiv@counter                   cstackCOMRAM 000025
___lldiv@dividend                  cstackCOMRAM 000019
___lldiv@divisor                   cstackCOMRAM 00001D
___lldiv@quotient                  cstackCOMRAM 000021
___lwdiv                           text17       0016EC
___lwdiv@counter                   cstackCOMRAM 00001F
___lwdiv@dividend                  cstackCOMRAM 000019
___lwdiv@divisor                   cstackCOMRAM 00001B
___lwdiv@quotient                  cstackCOMRAM 00001D
___param_bank                      (abs)        000010
___rparam_used                     (abs)        000001
___sp                              stack        000000
__accesstop                        (abs)        000060
__activetblptr                     (abs)        000003
__end_of_ISR                       intcode      000090
__end_of_LED1_OFF                  text14       001898
__end_of_LED1_ON                   text13       001888
__end_of___lldiv                   text3        00169C
__end_of___lwdiv                   text17       001736
__end_of__initialization           cinit        001762
__end_of_a                         smallconst   001011
__end_of_check_package_bcc         text12       001466
__end_of_hexpowers                 smallconst   00102B
__end_of_is_package_ready          text11       0018B0
__end_of_main                      text0        00179C
__end_of_memset                    text9        0017C6
__end_of_my_memcmp                 text10       0016EC
__end_of_printf                    text15       001254
__end_of_putch                     text16       0018BC
__end_of_reset_serial_com          text8        001858
__end_of_send_info                 text5        001838
__end_of_serial_interrupt_handler  text19       001626
__end_of_serial_rx_process         text4        00137E
__end_of_serial_send_data          text7        0018A4
__end_of_serial_send_package       text6        001514
__end_of_usart_init                text2        00159E
__end_of_usart_isr_init            text1        0018C6
__end_ofi2_memset                  text21       0017F0
__end_ofi2_reset_serial_com        text20       001878
__end_ofserial_rx_process@F7954    smallconst   001033
__end_ofserial_rx_process@F7956    smallconst   00101A
__end_ofserial_rx_process@F7958    smallconst   001023
__initialization                   cinit        001736
__mediumconst                      mediumconst  000000
__pbssBANK1                        bssBANK1     000100
__pcinit                           cinit        001736
__pcstackBANK0                     cstackBANK0  000086
__pcstackCOMRAM                    cstackCOMRAM 000001
__pdataBANK0                       dataBANK0    000060
__pidataBANK0                      idataBANK0   0017F0
__pintcode                         intcode      000008
__psmallconst                      smallconst   001000
__ptext0                           text0        00176C
__ptext1                           text1        0018BC
__ptext10                          text10       00169C
__ptext11                          text11       0018A4
__ptext12                          text12       00137E
__ptext13                          text13       001878
__ptext14                          text14       001888
__ptext15                          text15       0010D2
__ptext16                          text16       0018B0
__ptext17                          text17       0016EC
__ptext19                          text19       00159E
__ptext2                           text2        001514
__ptext20                          text20       001858
__ptext21                          text21       0017C6
__ptext3                           text3        001626
__ptext4                           text4        001254
__ptext5                           text5        001816
__ptext6                           text6        001466
__ptext7                           text7        001898
__ptext8                           text8        001838
__ptext9                           text9        00179C
__ramtop                           ramtop       001000
__size_of_ISR                      (abs)        000000
__size_of_LED1_OFF                 (abs)        000000
__size_of_LED1_ON                  (abs)        000000
__size_of___lldiv                  (abs)        000000
__size_of___lwdiv                  (abs)        000000
__size_of_check_package_bcc        (abs)        000000
__size_of_is_package_ready         (abs)        000000
__size_of_main                     (abs)        000000
__size_of_memset                   (abs)        000000
__size_of_my_memcmp                (abs)        000000
__size_of_printf                   (abs)        000000
__size_of_putch                    (abs)        000000
__size_of_reset_serial_com         (abs)        000000
__size_of_send_info                (abs)        000000
__size_of_serial_interrupt_handler (abs)        000000
__size_of_serial_rx_process        (abs)        000000
__size_of_serial_send_data         (abs)        000000
__size_of_serial_send_package      (abs)        000000
__size_of_usart_init               (abs)        000000
__size_of_usart_isr_init           (abs)        000000
__size_ofi2_memset                 (abs)        000000
__size_ofi2_reset_serial_com       (abs)        000000
__smallconst                       smallconst   001000
_a                                 smallconst   001001
_check_package_bcc                 text12       00137E
_hexpowers                         smallconst   001023
_is_package_ready                  text11       0018A4
_main                              text0        00176C
_memset                            text9        00179C
_my_memcmp                         text10       00169C
_printf                            text15       0010D2
_putch                             text16       0018B0
_reset_serial_com                  text8        001838
_send_info                         text5        001816
_serial                            bssBANK1     000100
_serial_interrupt_handler          text19       00159E
_serial_rx_process                 text4        001254
_serial_send_data                  text7        001898
_serial_send_package               text6        001466
_usart_init                        text2        001514
_usart_isr_init                    text1        0018BC
btemp                              temp         000046
check_package_bcc@bcc              cstackCOMRAM 000037
check_package_bcc@i                cstackCOMRAM 000038
end_of_initialization              cinit        001762
i2_memset                          text21       0017C6
i2_reset_serial_com                text20       001858
i2memset@c                         cstackCOMRAM 000003
i2memset@n                         cstackCOMRAM 000005
i2memset@p                         cstackCOMRAM 000007
i2memset@p1                        cstackCOMRAM 000001
int$flags                          temp         000046
intlevel0                          text         000000
intlevel1                          text         000000
intlevel2                          text         000000
intlevel3                          text         000000
memset@c                           cstackCOMRAM 00001B
memset@n                           cstackCOMRAM 00001D
memset@p                           cstackCOMRAM 00001F
memset@p1                          cstackCOMRAM 000019
my_memcmp@Count                    cstackCOMRAM 00001D
my_memcmp@Ptr1                     cstackCOMRAM 000019
my_memcmp@Ptr2                     cstackCOMRAM 00001B
my_memcmp@p1                       cstackCOMRAM 000020
my_memcmp@p2                       cstackCOMRAM 000022
my_memcmp@v                        cstackCOMRAM 000024
printf@ap                          cstackCOMRAM 00002B
printf@c                           cstackCOMRAM 00002F
printf@cp                          cstackCOMRAM 00002D
printf@f                           cstackCOMRAM 000020
printf@flag                        cstackCOMRAM 000026
printf@idx                         cstackCOMRAM 000027
printf@prec                        cstackCOMRAM 00002A
printf@val                         cstackCOMRAM 000028
putch@byte                         cstackCOMRAM 000019
send_info@F7963                    dataBANK0    000060
send_info@buff                     cstackCOMRAM 000020
serial_interrupt_handler@data      cstackCOMRAM 000009
serial_rx_process@F7954            smallconst   00102B
serial_rx_process@F7956            smallconst   001011
serial_rx_process@F7958            smallconst   00101A
serial_rx_process@get_info         cstackBANK0  000094
serial_rx_process@led1_off         cstackBANK0  00008B
serial_rx_process@led1_on          cstackBANK0  00009D
serial_send_data@data              cstackCOMRAM 000019
serial_send_package@bcc            cstackCOMRAM 00001E
serial_send_package@buff           cstackCOMRAM 00001A
serial_send_package@i              cstackCOMRAM 00001F
serial_send_package@size           cstackCOMRAM 00001C
stackhi                            (abs)        000F37
stacklo                            (abs)        000183
start                              init         000090
start_initialization               cinit        001736
usart_init@BAUDRATE                cstackCOMRAM 000026
usart_init@DIVIDER                 cstackCOMRAM 00002E


FUNCTION INFORMATION:

 *************** function _main *****************
 Defined at:
		line 39 in file "C:/Users/F.ArGe/Desktop/deneme/node1.X/main.c"
 Parameters:    Size  Location     Type
		None
 Auto vars:     Size  Location     Type
		None
 Return value:  Size  Location     Type
                  1    wreg      void 
 Registers used:
		wreg, fsr0l, fsr0h, fsr1l, fsr1h, fsr2l, fsr2h, status,2, status,0, tblptrl, tblptrh, tblptru, prodl, prodh, cstack
 Tracked objects:
		On entry : 
		On exit  : 
		Unchanged: 
 Data sizes:     COMRAM   BANK0   BANK1   BANK2   BANK3   BANK4   BANK5   BANK6   BANK7   BANK8   BANK9  BANK10  BANK11  BANK12  BANK13  BANK14  BANK15
      Params:         0       0       0       0       0       0       0       0       0       0       0       0       0       0       0       0       0
      Locals:         0       0       0       0       0       0       0       0       0       0       0       0       0       0       0       0       0
      Temps:          0       0       0       0       0       0       0       0       0       0       0       0       0       0       0       0       0
      Totals:         0       0       0       0       0       0       0       0       0       0       0       0       0       0       0       0       0
Total ram usage:        0 bytes
 Hardware stack levels required when called:    8
 This function calls:
		_printf
		_serial_rx_process
		_usart_init
		_usart_isr_init
 This function is called by:
		Startup code after reset
 This function uses a non-reentrant model


 *************** function _usart_isr_init *****************
 Defined at:
		line 49 in file "C:/Users/F.ArGe/Desktop/deneme/node1.X/usart.c"
 Parameters:    Size  Location     Type
		None
 Auto vars:     Size  Location     Type
		None
 Return value:  Size  Location     Type
                  1    wreg      void 
 Registers used:
		None
 Tracked objects:
		On entry : 
		On exit  : 
		Unchanged: 
 Data sizes:     COMRAM   BANK0   BANK1   BANK2   BANK3   BANK4   BANK5   BANK6   BANK7   BANK8   BANK9  BANK10  BANK11  BANK12  BANK13  BANK14  BANK15
      Params:         0       0       0       0       0       0       0       0       0       0       0       0       0       0       0       0       0
      Locals:         0       0       0       0       0       0       0       0       0       0       0       0       0       0       0       0       0
      Temps:          0       0       0       0       0       0       0       0       0       0       0       0       0       0       0       0       0
      Totals:         0       0       0       0       0       0       0       0       0       0       0       0       0       0       0       0       0
Total ram usage:        0 bytes
 Hardware stack levels used:    1
 Hardware stack levels required when called:    4
 This function calls:
		Nothing
 This function is called by:
		_main
 This function uses a non-reentrant model


 *************** function _usart_init *****************
 Defined at:
		line 4 in file "C:/Users/F.ArGe/Desktop/deneme/node1.X/usart.c"
 Parameters:    Size  Location     Type
  BAUDRATE        2   37[COMRAM] unsigned int 
 Auto vars:     Size  Location     Type
  DIVIDER         4   45[COMRAM] unsigned long 
 Return value:  Size  Location     Type
                  1    wreg      void 
 Registers used:
		wreg, status,2, status,0, cstack
 Tracked objects:
		On entry : 
		On exit  : 
		Unchanged: 
 Data sizes:     COMRAM   BANK0   BANK1   BANK2   BANK3   BANK4   BANK5   BANK6   BANK7   BANK8   BANK9  BANK10  BANK11  BANK12  BANK13  BANK14  BANK15
      Params:         2       0       0       0       0       0       0       0       0       0       0       0       0       0       0       0       0
      Locals:         4       0       0       0       0       0       0       0       0       0       0       0       0       0       0       0       0
      Temps:          6       0       0       0       0       0       0       0       0       0       0       0       0       0       0       0       0
      Totals:        12       0       0       0       0       0       0       0       0       0       0       0       0       0       0       0       0
Total ram usage:       12 bytes
 Hardware stack levels used:    1
 Hardware stack levels required when called:    5
 This function calls:
		___lldiv
 This function is called by:
		_main
 This function uses a non-reentrant model


 *************** function ___lldiv *****************
 Defined at:
		line 8 in file "C:\Program Files (x86)\Microchip\xc8\v1.36\sources\common\lldiv.c"
 Parameters:    Size  Location     Type
  dividend        4   24[COMRAM] unsigned long 
  divisor         4   28[COMRAM] unsigned long 
 Auto vars:     Size  Location     Type
  quotient        4   32[COMRAM] unsigned long 
  counter         1   36[COMRAM] unsigned char 
 Return value:  Size  Location     Type
                  4   24[COMRAM] unsigned long 
 Registers used:
		wreg, status,2, status,0
 Tracked objects:
		On entry : 
		On exit  : 
		Unchanged: 
 Data sizes:     COMRAM   BANK0   BANK1   BANK2   BANK3   BANK4   BANK5   BANK6   BANK7   BANK8   BANK9  BANK10  BANK11  BANK12  BANK13  BANK14  BANK15
      Params:         8       0       0       0       0       0       0       0       0       0       0       0       0       0       0       0       0
      Locals:         5       0       0       0       0       0       0       0       0       0       0       0       0       0       0       0       0
      Temps:          0       0       0       0       0       0       0       0       0       0       0       0       0       0       0       0       0
      Totals:        13       0       0       0       0       0       0       0       0       0       0       0       0       0       0       0       0
Total ram usage:       13 bytes
 Hardware stack levels used:    1
 Hardware stack levels required when called:    4
 This function calls:
		Nothing
 This function is called by:
		_usart_init
 This function uses a non-reentrant model


 *************** function _serial_rx_process *****************
 Defined at:
		line 180 in file "C:/Users/F.ArGe/Desktop/deneme/node1.X/serial.c"
 Parameters:    Size  Location     Type
		None
 Auto vars:     Size  Location     Type
  get_info        9   14[BANK0 ] const unsigned char [9]
  led1_off        9    5[BANK0 ] const unsigned char [9]
  led1_on         8   23[BANK0 ] const unsigned char [8]
 Return value:  Size  Location     Type
                  1    wreg      void 
 Registers used:
		wreg, fsr0l, fsr0h, fsr1l, fsr1h, fsr2l, fsr2h, status,2, status,0, tblptrl, tblptrh, tblptru, prodl, prodh, cstack
 Tracked objects:
		On entry : 
		On exit  : 
		Unchanged: 
 Data sizes:     COMRAM   BANK0   BANK1   BANK2   BANK3   BANK4   BANK5   BANK6   BANK7   BANK8   BANK9  BANK10  BANK11  BANK12  BANK13  BANK14  BANK15
      Params:         0       0       0       0       0       0       0       0       0       0       0       0       0       0       0       0       0
      Locals:         0      26       0       0       0       0       0       0       0       0       0       0       0       0       0       0       0
      Temps:          0       5       0       0       0       0       0       0       0       0       0       0       0       0       0       0       0
      Totals:         0      31       0       0       0       0       0       0       0       0       0       0       0       0       0       0       0
Total ram usage:       31 bytes
 Hardware stack levels used:    1
 Hardware stack levels required when called:    7
 This function calls:
		_LED1_OFF
		_LED1_ON
		_check_package_bcc
		_is_package_ready
		_my_memcmp
		_printf
		_reset_serial_com
		_send_info
 This function is called by:
		_main
 This function uses a non-reentrant model


 *************** function _send_info *****************
 Defined at:
		line 235 in file "C:/Users/F.ArGe/Desktop/deneme/node1.X/serial.c"
 Parameters:    Size  Location     Type
		None
 Auto vars:     Size  Location     Type
  buff           38   31[COMRAM] unsigned char [38]
 Return value:  Size  Location     Type
                  1    wreg      void 
 Registers used:
		wreg, fsr1l, fsr1h, fsr2l, fsr2h, status,2, status,0, prodl, prodh, cstack
 Tracked objects:
		On entry : 
		On exit  : 
		Unchanged: 
 Data sizes:     COMRAM   BANK0   BANK1   BANK2   BANK3   BANK4   BANK5   BANK6   BANK7   BANK8   BANK9  BANK10  BANK11  BANK12  BANK13  BANK14  BANK15
      Params:         0       0       0       0       0       0       0       0       0       0       0       0       0       0       0       0       0
      Locals:        38       0       0       0       0       0       0       0       0       0       0       0       0       0       0       0       0
      Temps:          0       0       0       0       0       0       0       0       0       0       0       0       0       0       0       0       0
      Totals:        38       0       0       0       0       0       0       0       0       0       0       0       0       0       0       0       0
Total ram usage:       38 bytes
 Hardware stack levels used:    1
 Hardware stack levels required when called:    6
 This function calls:
		_serial_send_package
 This function is called by:
		_serial_rx_process
 This function uses a non-reentrant model


 *************** function _serial_send_package *****************
 Defined at:
		line 146 in file "C:/Users/F.ArGe/Desktop/deneme/node1.X/serial.c"
 Parameters:    Size  Location     Type
  buff            2   25[COMRAM] PTR const unsigned char 
		 -> send_info@buff(38), 
  size            1   27[COMRAM] unsigned char 
 Auto vars:     Size  Location     Type
  i               1   30[COMRAM] unsigned char 
  bcc             1   29[COMRAM] unsigned char 
 Return value:  Size  Location     Type
                  1    wreg      void 
 Registers used:
		wreg, fsr2l, fsr2h, status,2, status,0, prodl, prodh, cstack
 Tracked objects:
		On entry : 
		On exit  : 
		Unchanged: 
 Data sizes:     COMRAM   BANK0   BANK1   BANK2   BANK3   BANK4   BANK5   BANK6   BANK7   BANK8   BANK9  BANK10  BANK11  BANK12  BANK13  BANK14  BANK15
      Params:         3       0       0       0       0       0       0       0       0       0       0       0       0       0       0       0       0
      Locals:         2       0       0       0       0       0       0       0       0       0       0       0       0       0       0       0       0
      Temps:          1       0       0       0       0       0       0       0       0       0       0       0       0       0       0       0       0
      Totals:         6       0       0       0       0       0       0       0       0       0       0       0       0       0       0       0       0
Total ram usage:        6 bytes
 Hardware stack levels used:    1
 Hardware stack levels required when called:    5
 This function calls:
		_serial_send_data
 This function is called by:
		_send_info
 This function uses a non-reentrant model


 *************** function _serial_send_data *****************
 Defined at:
		line 140 in file "C:/Users/F.ArGe/Desktop/deneme/node1.X/serial.c"
 Parameters:    Size  Location     Type
  data            1    wreg     unsigned char 
 Auto vars:     Size  Location     Type
  data            1   24[COMRAM] unsigned char 
 Return value:  Size  Location     Type
                  1    wreg      void 
 Registers used:
		wreg
 Tracked objects:
		On entry : 
		On exit  : 
		Unchanged: 
 Data sizes:     COMRAM   BANK0   BANK1   BANK2   BANK3   BANK4   BANK5   BANK6   BANK7   BANK8   BANK9  BANK10  BANK11  BANK12  BANK13  BANK14  BANK15
      Params:         0       0       0       0       0       0       0       0       0       0       0       0       0       0       0       0       0
      Locals:         1       0       0       0       0       0       0       0       0       0       0       0       0       0       0       0       0
      Temps:          0       0       0       0       0       0       0       0       0       0       0       0       0       0       0       0       0
      Totals:         1       0       0       0       0       0       0       0       0       0       0       0       0       0       0       0       0
Total ram usage:        1 bytes
 Hardware stack levels used:    1
 Hardware stack levels required when called:    4
 This function calls:
		Nothing
 This function is called by:
		_serial_send_package
 This function uses a non-reentrant model


 *************** function _reset_serial_com *****************
 Defined at:
		line 50 in file "C:/Users/F.ArGe/Desktop/deneme/node1.X/serial.c"
 Parameters:    Size  Location     Type
		None
 Auto vars:     Size  Location     Type
		None
 Return value:  Size  Location     Type
                  1    wreg      void 
 Registers used:
		wreg, fsr2l, fsr2h, status,2, status,0, cstack
 Tracked objects:
		On entry : 
		On exit  : 
		Unchanged: 
 Data sizes:     COMRAM   BANK0   BANK1   BANK2   BANK3   BANK4   BANK5   BANK6   BANK7   BANK8   BANK9  BANK10  BANK11  BANK12  BANK13  BANK14  BANK15
      Params:         0       0       0       0       0       0       0       0       0       0       0       0       0       0       0       0       0
      Locals:         0       0       0       0       0       0       0       0       0       0       0       0       0       0       0       0       0
      Temps:          0       0       0       0       0       0       0       0       0       0       0       0       0       0       0       0       0
      Totals:         0       0       0       0       0       0       0       0       0       0       0       0       0       0       0       0       0
Total ram usage:        0 bytes
 Hardware stack levels used:    1
 Hardware stack levels required when called:    5
 This function calls:
		_memset
 This function is called by:
		_serial_rx_process
 This function uses a non-reentrant model


 *************** function _memset *****************
 Defined at:
		line 8 in file "C:\Program Files (x86)\Microchip\xc8\v1.36\sources\common\memset.c"
 Parameters:    Size  Location     Type
  p1              2   24[COMRAM] PTR void 
		 -> serial(131), 
  c               2   26[COMRAM] int 
  n               2   28[COMRAM] unsigned int 
 Auto vars:     Size  Location     Type
  p               2   30[COMRAM] PTR unsigned char 
		 -> serial(131), 
 Return value:  Size  Location     Type
                  2   24[COMRAM] PTR void 
 Registers used:
		wreg, fsr2l, fsr2h, status,2, status,0
 Tracked objects:
		On entry : 
		On exit  : 
		Unchanged: 
 Data sizes:     COMRAM   BANK0   BANK1   BANK2   BANK3   BANK4   BANK5   BANK6   BANK7   BANK8   BANK9  BANK10  BANK11  BANK12  BANK13  BANK14  BANK15
      Params:         6       0       0       0       0       0       0       0       0       0       0       0       0       0       0       0       0
      Locals:         2       0       0       0       0       0       0       0       0       0       0       0       0       0       0       0       0
      Temps:          0       0       0       0       0       0       0       0       0       0       0       0       0       0       0       0       0
      Totals:         8       0       0       0       0       0       0       0       0       0       0       0       0       0       0       0       0
Total ram usage:        8 bytes
 Hardware stack levels used:    1
 Hardware stack levels required when called:    4
 This function calls:
		Nothing
 This function is called by:
		_reset_serial_com
 This function uses a non-reentrant model


 *************** function _my_memcmp *****************
 Defined at:
		line 36 in file "C:/Users/F.ArGe/Desktop/deneme/node1.X/serial.c"
 Parameters:    Size  Location     Type
  Ptr1            2   24[COMRAM] PTR const void 
		 -> serial.buffer(128), serial(131), 
  Ptr2            2   26[COMRAM] PTR const void 
		 -> serial_rx_process@get_info(9), serial_rx_process@led1_off(9), serial_rx_process@led1_on(8), 
  Count           2   28[COMRAM] unsigned int 
 Auto vars:     Size  Location     Type
  p2              2   33[COMRAM] PTR unsigned char 
		 -> serial_rx_process@get_info(9), serial_rx_process@led1_off(9), serial_rx_process@led1_on(8), 
  p1              2   31[COMRAM] PTR unsigned char 
		 -> serial.buffer(128), serial(131), 
  v               1   35[COMRAM] unsigned char 
 Return value:  Size  Location     Type
                  1    wreg      unsigned char 
 Registers used:
		wreg, fsr2l, fsr2h, status,2, status,0
 Tracked objects:
		On entry : 
		On exit  : 
		Unchanged: 
 Data sizes:     COMRAM   BANK0   BANK1   BANK2   BANK3   BANK4   BANK5   BANK6   BANK7   BANK8   BANK9  BANK10  BANK11  BANK12  BANK13  BANK14  BANK15
      Params:         6       0       0       0       0       0       0       0       0       0       0       0       0       0       0       0       0
      Locals:         5       0       0       0       0       0       0       0       0       0       0       0       0       0       0       0       0
      Temps:          1       0       0       0       0       0       0       0       0       0       0       0       0       0       0       0       0
      Totals:        12       0       0       0       0       0       0       0       0       0       0       0       0       0       0       0       0
Total ram usage:       12 bytes
 Hardware stack levels used:    1
 Hardware stack levels required when called:    4
 This function calls:
		Nothing
 This function is called by:
		_serial_rx_process
 This function uses a non-reentrant model


 *************** function _is_package_ready *****************
 Defined at:
		line 173 in file "C:/Users/F.ArGe/Desktop/deneme/node1.X/serial.c"
 Parameters:    Size  Location     Type
		None
 Auto vars:     Size  Location     Type
		None
 Return value:  Size  Location     Type
                  1    wreg      unsigned char 
 Registers used:
		wreg, status,2, status,0
 Tracked objects:
		On entry : 
		On exit  : 
		Unchanged: 
 Data sizes:     COMRAM   BANK0   BANK1   BANK2   BANK3   BANK4   BANK5   BANK6   BANK7   BANK8   BANK9  BANK10  BANK11  BANK12  BANK13  BANK14  BANK15
      Params:         0       0       0       0       0       0       0       0       0       0       0       0       0       0       0       0       0
      Locals:         0       0       0       0       0       0       0       0       0       0       0       0       0       0       0       0       0
      Temps:          0       0       0       0       0       0       0       0       0       0       0       0       0       0       0       0       0
      Totals:         0       0       0       0       0       0       0       0       0       0       0       0       0       0       0       0       0
Total ram usage:        0 bytes
 Hardware stack levels used:    1
 Hardware stack levels required when called:    4
 This function calls:
		Nothing
 This function is called by:
		_serial_rx_process
 This function uses a non-reentrant model


 *************** function _check_package_bcc *****************
 Defined at:
		line 117 in file "C:/Users/F.ArGe/Desktop/deneme/node1.X/serial.c"
 Parameters:    Size  Location     Type
		None
 Auto vars:     Size  Location     Type
  i               1   55[COMRAM] unsigned char 
  bcc             1   54[COMRAM] unsigned char 
 Return value:  Size  Location     Type
                  1    wreg      unsigned char 
 Registers used:
		wreg, fsr0l, fsr0h, fsr2l, fsr2h, status,2, status,0, tblptrl, tblptrh, tblptru, prodl, prodh, cstack
 Tracked objects:
		On entry : 
		On exit  : 
		Unchanged: 
 Data sizes:     COMRAM   BANK0   BANK1   BANK2   BANK3   BANK4   BANK5   BANK6   BANK7   BANK8   BANK9  BANK10  BANK11  BANK12  BANK13  BANK14  BANK15
      Params:         0       0       0       0       0       0       0       0       0       0       0       0       0       0       0       0       0
      Locals:         2       0       0       0       0       0       0       0       0       0       0       0       0       0       0       0       0
      Temps:          7       0       0       0       0       0       0       0       0       0       0       0       0       0       0       0       0
      Totals:         9       0       0       0       0       0       0       0       0       0       0       0       0       0       0       0       0
Total ram usage:        9 bytes
 Hardware stack levels used:    1
 Hardware stack levels required when called:    6
 This function calls:
		_printf
 This function is called by:
		_serial_rx_process
 This function uses a non-reentrant model


 *************** function _LED1_ON *****************
 Defined at:
		line 223 in file "C:/Users/F.ArGe/Desktop/deneme/node1.X/serial.c"
 Parameters:    Size  Location     Type
		None
 Auto vars:     Size  Location     Type
		None
 Return value:  Size  Location     Type
                  1    wreg      void 
 Registers used:
		wreg, fsr0l, fsr0h, fsr2l, fsr2h, status,2, status,0, tblptrl, tblptrh, tblptru, prodl, prodh, cstack
 Tracked objects:
		On entry : 
		On exit  : 
		Unchanged: 
 Data sizes:     COMRAM   BANK0   BANK1   BANK2   BANK3   BANK4   BANK5   BANK6   BANK7   BANK8   BANK9  BANK10  BANK11  BANK12  BANK13  BANK14  BANK15
      Params:         0       0       0       0       0       0       0       0       0       0       0       0       0       0       0       0       0
      Locals:         0       0       0       0       0       0       0       0       0       0       0       0       0       0       0       0       0
      Temps:          0       0       0       0       0       0       0       0       0       0       0       0       0       0       0       0       0
      Totals:         0       0       0       0       0       0       0       0       0       0       0       0       0       0       0       0       0
Total ram usage:        0 bytes
 Hardware stack levels used:    1
 Hardware stack levels required when called:    6
 This function calls:
		_printf
 This function is called by:
		_serial_rx_process
 This function uses a non-reentrant model


 *************** function _LED1_OFF *****************
 Defined at:
		line 229 in file "C:/Users/F.ArGe/Desktop/deneme/node1.X/serial.c"
 Parameters:    Size  Location     Type
		None
 Auto vars:     Size  Location     Type
		None
 Return value:  Size  Location     Type
                  1    wreg      void 
 Registers used:
		wreg, fsr0l, fsr0h, fsr2l, fsr2h, status,2, status,0, tblptrl, tblptrh, tblptru, prodl, prodh, cstack
 Tracked objects:
		On entry : 
		On exit  : 
		Unchanged: 
 Data sizes:     COMRAM   BANK0   BANK1   BANK2   BANK3   BANK4   BANK5   BANK6   BANK7   BANK8   BANK9  BANK10  BANK11  BANK12  BANK13  BANK14  BANK15
      Params:         0       0       0       0       0       0       0       0       0       0       0       0       0       0       0       0       0
      Locals:         0       0       0       0       0       0       0       0       0       0       0       0       0       0       0       0       0
      Temps:          0       0       0       0       0       0       0       0       0       0       0       0       0       0       0       0       0
      Totals:         0       0       0       0       0       0       0       0       0       0       0       0       0       0       0       0       0
Total ram usage:        0 bytes
 Hardware stack levels used:    1
 Hardware stack levels required when called:    6
 This function calls:
		_printf
 This function is called by:
		_serial_rx_process
 This function uses a non-reentrant model


 *************** function _printf *****************
 Defined at:
		line 464 in file "C:\Program Files (x86)\Microchip\xc8\v1.36\sources\common\doprnt.c"
 Parameters:    Size  Location     Type
  f               2   31[COMRAM] PTR const unsigned char 
		 -> STR_8(11), STR_7(10), STR_6(26), STR_5(31), 
		 -> STR_4(7), STR_3(8), STR_2(15), STR_1(25), 
 Auto vars:     Size  Location     Type
  idx             1   38[COMRAM] unsigned char 
  tmpval          4    0        struct .
  cp              2   44[COMRAM] PTR const unsigned char 
		 -> STR_9(7), serial.buffer(128), serial(131), 
  ap              2   42[COMRAM] PTR void [1]
		 -> ?_printf(2), 
  val             2   39[COMRAM] unsigned int 
  len             2    0        unsigned int 
  c               1   46[COMRAM] char 
  prec            1   41[COMRAM] char 
  flag            1   37[COMRAM] unsigned char 
 Return value:  Size  Location     Type
                  2   31[COMRAM] int 
 Registers used:
		wreg, fsr0l, fsr0h, fsr2l, fsr2h, status,2, status,0, tblptrl, tblptrh, tblptru, prodl, prodh, cstack
 Tracked objects:
		On entry : 
		On exit  : 
		Unchanged: 
 Data sizes:     COMRAM   BANK0   BANK1   BANK2   BANK3   BANK4   BANK5   BANK6   BANK7   BANK8   BANK9  BANK10  BANK11  BANK12  BANK13  BANK14  BANK15
      Params:         6       0       0       0       0       0       0       0       0       0       0       0       0       0       0       0       0
      Locals:        10       0       0       0       0       0       0       0       0       0       0       0       0       0       0       0       0
      Temps:          0       0       0       0       0       0       0       0       0       0       0       0       0       0       0       0       0
      Totals:        16       0       0       0       0       0       0       0       0       0       0       0       0       0       0       0       0
Total ram usage:       16 bytes
 Hardware stack levels used:    1
 Hardware stack levels required when called:    5
 This function calls:
		___lwdiv
		_putch
 This function is called by:
		_main
		_check_package_bcc
		_serial_rx_process
		_LED1_ON
		_LED1_OFF
 This function uses a non-reentrant model


 *************** function _putch *****************
 Defined at:
		line 35 in file "C:/Users/F.ArGe/Desktop/deneme/node1.X/usart.c"
 Parameters:    Size  Location     Type
  byte            1    wreg     unsigned char 
 Auto vars:     Size  Location     Type
  byte            1   24[COMRAM] unsigned char 
 Return value:  Size  Location     Type
                  1    wreg      void 
 Registers used:
		wreg
 Tracked objects:
		On entry : 
		On exit  : 
		Unchanged: 
 Data sizes:     COMRAM   BANK0   BANK1   BANK2   BANK3   BANK4   BANK5   BANK6   BANK7   BANK8   BANK9  BANK10  BANK11  BANK12  BANK13  BANK14  BANK15
      Params:         0       0       0       0       0       0       0       0       0       0       0       0       0       0       0       0       0
      Locals:         1       0       0       0       0       0       0       0       0       0       0       0       0       0       0       0       0
      Temps:          0       0       0       0       0       0       0       0       0       0       0       0       0       0       0       0       0
      Totals:         1       0       0       0       0       0       0       0       0       0       0       0       0       0       0       0       0
Total ram usage:        1 bytes
 Hardware stack levels used:    1
 Hardware stack levels required when called:    4
 This function calls:
		Nothing
 This function is called by:
		_printf
 This function uses a non-reentrant model


 *************** function ___lwdiv *****************
 Defined at:
		line 8 in file "C:\Program Files (x86)\Microchip\xc8\v1.36\sources\common\lwdiv.c"
 Parameters:    Size  Location     Type
  dividend        2   24[COMRAM] unsigned int 
  divisor         2   26[COMRAM] unsigned int 
 Auto vars:     Size  Location     Type
  quotient        2   28[COMRAM] unsigned int 
  counter         1   30[COMRAM] unsigned char 
 Return value:  Size  Location     Type
                  2   24[COMRAM] unsigned int 
 Registers used:
		wreg, status,2, status,0
 Tracked objects:
		On entry : 
		On exit  : 
		Unchanged: 
 Data sizes:     COMRAM   BANK0   BANK1   BANK2   BANK3   BANK4   BANK5   BANK6   BANK7   BANK8   BANK9  BANK10  BANK11  BANK12  BANK13  BANK14  BANK15
      Params:         4       0       0       0       0       0       0       0       0       0       0       0       0       0       0       0       0
      Locals:         3       0       0       0       0       0       0       0       0       0       0       0       0       0       0       0       0
      Temps:          0       0       0       0       0       0       0       0       0       0       0       0       0       0       0       0       0
      Totals:         7       0       0       0       0       0       0       0       0       0       0       0       0       0       0       0       0
Total ram usage:        7 bytes
 Hardware stack levels used:    1
 Hardware stack levels required when called:    4
 This function calls:
		Nothing
 This function is called by:
		_printf
 This function uses a non-reentrant model


 *************** function _ISR *****************
 Defined at:
		line 12 in file "C:/Users/F.ArGe/Desktop/deneme/node1.X/main.c"
 Parameters:    Size  Location     Type
		None
 Auto vars:     Size  Location     Type
  i               1   23[COMRAM] unsigned char 
 Return value:  Size  Location     Type
                  1    wreg      void 
 Registers used:
		wreg, fsr2l, fsr2h, status,2, status,0, prodl, prodh, cstack
 Tracked objects:
		On entry : 
		On exit  : 
		Unchanged: 
 Data sizes:     COMRAM   BANK0   BANK1   BANK2   BANK3   BANK4   BANK5   BANK6   BANK7   BANK8   BANK9  BANK10  BANK11  BANK12  BANK13  BANK14  BANK15
      Params:         0       0       0       0       0       0       0       0       0       0       0       0       0       0       0       0       0
      Locals:         1       0       0       0       0       0       0       0       0       0       0       0       0       0       0       0       0
      Temps:         14       0       0       0       0       0       0       0       0       0       0       0       0       0       0       0       0
      Totals:        15       0       0       0       0       0       0       0       0       0       0       0       0       0       0       0       0
Total ram usage:       15 bytes
 Hardware stack levels used:    1
 Hardware stack levels required when called:    3
 This function calls:
		_serial_interrupt_handler
 This function is called by:
		Interrupt level 2
 This function uses a non-reentrant model


 *************** function _serial_interrupt_handler *****************
 Defined at:
		line 58 in file "C:/Users/F.ArGe/Desktop/deneme/node1.X/serial.c"
 Parameters:    Size  Location     Type
  data            1    wreg     unsigned char 
 Auto vars:     Size  Location     Type
  data            1    8[COMRAM] unsigned char 
 Return value:  Size  Location     Type
                  1    wreg      void 
 Registers used:
		wreg, fsr2l, fsr2h, status,2, status,0, prodl, prodh, cstack
 Tracked objects:
		On entry : 
		On exit  : 
		Unchanged: 
 Data sizes:     COMRAM   BANK0   BANK1   BANK2   BANK3   BANK4   BANK5   BANK6   BANK7   BANK8   BANK9  BANK10  BANK11  BANK12  BANK13  BANK14  BANK15
      Params:         0       0       0       0       0       0       0       0       0       0       0       0       0       0       0       0       0
      Locals:         1       0       0       0       0       0       0       0       0       0       0       0       0       0       0       0       0
      Temps:          0       0       0       0       0       0       0       0       0       0       0       0       0       0       0       0       0
      Totals:         1       0       0       0       0       0       0       0       0       0       0       0       0       0       0       0       0
Total ram usage:        1 bytes
 Hardware stack levels used:    1
 Hardware stack levels required when called:    2
 This function calls:
		i2_reset_serial_com
 This function is called by:
		_ISR
 This function uses a non-reentrant model


 *************** function i2_reset_serial_com *****************
 Defined at:
		line 50 in file "C:/Users/F.ArGe/Desktop/deneme/node1.X/serial.c"
 Parameters:    Size  Location     Type
		None
 Auto vars:     Size  Location     Type
		None
 Return value:  Size  Location     Type
                  1    wreg      void 
 Registers used:
		wreg, fsr2l, fsr2h, status,2, status,0, cstack
 Tracked objects:
		On entry : 
		On exit  : 
		Unchanged: 
 Data sizes:     COMRAM   BANK0   BANK1   BANK2   BANK3   BANK4   BANK5   BANK6   BANK7   BANK8   BANK9  BANK10  BANK11  BANK12  BANK13  BANK14  BANK15
      Params:         0       0       0       0       0       0       0       0       0       0       0       0       0       0       0       0       0
      Locals:         0       0       0       0       0       0       0       0       0       0       0       0       0       0       0       0       0
      Temps:          0       0       0       0       0       0       0       0       0       0       0       0       0       0       0       0       0
      Totals:         0       0       0       0       0       0       0       0       0       0       0       0       0       0       0       0       0
Total ram usage:        0 bytes
 Hardware stack levels used:    1
 Hardware stack levels required when called:    1
 This function calls:
		i2_memset
 This function is called by:
		_serial_interrupt_handler
 This function uses a non-reentrant model


 *************** function i2_memset *****************
 Defined at:
		line 8 in file "C:\Program Files (x86)\Microchip\xc8\v1.36\sources\common\memset.c"
 Parameters:    Size  Location     Type
  p1              2    0[COMRAM] PTR void 
		 -> serial(131), 
  c               2    2[COMRAM] int 
  n               2    4[COMRAM] unsigned int 
 Auto vars:     Size  Location     Type
  memset          2    6[COMRAM] PTR unsigned char 
		 -> serial(131), 
 Return value:  Size  Location     Type
                  2    0[COMRAM] PTR void 
 Registers used:
		wreg, fsr2l, fsr2h, status,2, status,0
 Tracked objects:
		On entry : 
		On exit  : 
		Unchanged: 
 Data sizes:     COMRAM   BANK0   BANK1   BANK2   BANK3   BANK4   BANK5   BANK6   BANK7   BANK8   BANK9  BANK10  BANK11  BANK12  BANK13  BANK14  BANK15
      Params:         6       0       0       0       0       0       0       0       0       0       0       0       0       0       0       0       0
      Locals:         2       0       0       0       0       0       0       0       0       0       0       0       0       0       0       0       0
      Temps:          0       0       0       0       0       0       0       0       0       0       0       0       0       0       0       0       0
      Totals:         8       0       0       0       0       0       0       0       0       0       0       0       0       0       0       0       0
Total ram usage:        8 bytes
 Hardware stack levels used:    1
 This function calls:
		Nothing
 This function is called by:
		i2_reset_serial_com
 This function uses a non-reentrant model



MODULE INFORMATION

Module		Function		Class		Link	Load	Size
C:/Users/F.ArGe/Desktop/deneme/node1.X/usart.c
		_putch         		CODE           	18B0	0000	13
		_usart_init    		CODE           	1514	0000	139
		_usart_isr_init		CODE           	18BC	0000	11

C:/Users/F.ArGe/Desktop/deneme/node1.X/usart.c estimated size: 163

C:\Program Files (x86)\Microchip\xc8\v1.36\sources\common\memset.c
		_memset        		CODE           	179C	0000	43

C:\Program Files (x86)\Microchip\xc8\v1.36\sources\common\memset.c estimated size: 43

C:\Program Files (x86)\Microchip\xc8\v1.36\sources\common\lldiv.c
		___lldiv       		CODE           	1626	0000	119

C:\Program Files (x86)\Microchip\xc8\v1.36\sources\common\lldiv.c estimated size: 119

C:/Users/F.ArGe/Desktop/deneme/node1.X/main.c
		_ISR           		CODE           	0008	0000	137
		_main          		CODE           	176C	0000	49

C:/Users/F.ArGe/Desktop/deneme/node1.X/main.c estimated size: 186

C:\Program Files (x86)\Microchip\xc8\v1.36\sources\common\doprnt.c
		_printf        		CODE           	10D2	0000	387

C:\Program Files (x86)\Microchip\xc8\v1.36\sources\common\doprnt.c estimated size: 387

shared
		_a             		SMALLCONST     	1001	0000	17
		i2_reset_serial_com		CODE           	1858	0000	33
		serial_rx_process@F7958		SMALLCONST     	101A	0000	10
		__initialization		CODE           	1736	0000	45
		serial_rx_process@F7956		SMALLCONST     	1011	0000	10
		_hexpowers     		SMALLCONST     	1023	0000	9
		i2_memset      		CODE           	17C6	0000	43
		serial_rx_process@F7954		SMALLCONST     	102B	0000	9

shared estimated size: 176

C:/Users/F.ArGe/Desktop/deneme/node1.X/serial.c
		_serial_rx_process		CODE           	1254	0000	299
		_LED1_OFF      		CODE           	1888	0000	17
		_my_memcmp     		CODE           	169C	0000	81
		_serial_send_package		CODE           	1466	0000	175
		_check_package_bcc		CODE           	137E	0000	233
		_serial_interrupt_handler		CODE           	159E	0000	137
		_LED1_ON       		CODE           	1878	0000	17
		_serial_send_data		CODE           	1898	0000	13
		_is_package_ready		CODE           	18A4	0000	13
		_send_info     		CODE           	1816	0000	35
		_reset_serial_com		CODE           	1838	0000	33

C:/Users/F.ArGe/Desktop/deneme/node1.X/serial.c estimated size: 1053

C:\Program Files (x86)\Microchip\xc8\v1.36\sources\common\lwdiv.c
		___lwdiv       		CODE           	16EC	0000	75

C:\Program Files (x86)\Microchip\xc8\v1.36\sources\common\lwdiv.c estimated size: 75

